# === Suite: continuous-replication-scale ===
# Deploying cluster 'cont-repl-scale' in namespace 'flare-cont-repl-scale'
# Waiting for: namespace flare-cont-repl-scale not Terminating (timeout: 30s)
#   OK after 0s
# Waiting for: default ServiceAccount in flare-cont-repl-scale (timeout: 120s)
#   OK after 0s
# Waiting for: FlareCluster CRD established (timeout: 60s)
#   OK after 0s
# Waiting for: ClusterRole flare-operator present (timeout: 60s)
#   OK after 0s
# Waiting for operator deployment to be ready...
# Operator ready, waiting 10s for first reconcile cycle...
# ConfigMap cont-repl-scale-config confirmed present before StatefulSet deploy
# Deploying StatefulSet...
# Waiting 50s grace period for operator reconciliation...
# Waiting for: the master reloads max-total-thread-queue = 100000 (timeout: 240s)
#   OK after 60s
# load at 0: stored so far 20000; master RSS=42816kB heap in-use=25783kB heap free=1379kB restarts=0 thread_queue=8371 dropped=0 items=20000; replica applied=15559 forward_applied=1607 RSS=37324kB heap in-use=22556kB
# load at 500000: stored so far 520000; master RSS=123124kB heap in-use=83156kB heap free=24652kB restarts=0 thread_queue=33474 dropped=0 items=520000; replica applied=300394 forward_applied=386374 RSS=124392kB heap in-use=115074kB
# load at 1000000: stored so far 1020000; master RSS=209768kB heap in-use=104389kB heap free=89958kB restarts=0 thread_queue=99501 dropped=24494 items=1020000; replica applied=431974 forward_applied=796633 RSS=81704kB heap in-use=68071kB
# load at 1500000: stored so far 1520000; master RSS=250068kB heap in-use=146430kB heap free=87722kB restarts=0 thread_queue=98570 dropped=236762 items=1520000; replica applied=523009 forward_applied=1086736 RSS=143624kB heap in-use=132677kB
# scale follow: state=following reason= applied=605629 source_lsn=0 master latest=2000004 items master=2000000 replica=1489008 wal_applied=101958 wal_skipped=512754 decode_refused=0 forward_applied=1400843 forward_skipped=101958
# scale follow: state=following reason= applied=655609 source_lsn=2000004 master latest=2000004 items master=2000000 replica=1574533 wal_applied=101958 wal_skipped=566713 decode_refused=0 forward_applied=1472575 forward_skipped=101958
# scale follow: state=following reason= applied=726754 source_lsn=2000004 master latest=2000004 items master=2000000 replica=1574533 wal_applied=101958 wal_skipped=636345 decode_refused=0 forward_applied=1472575 forward_skipped=0
# scale follow: state=following reason= applied=794584 source_lsn=2000004 master latest=2000004 items master=2000000 replica=1574533 wal_applied=101958 wal_skipped=704011 decode_refused=0 forward_applied=1472575 forward_skipped=101958
# scale follow: state=following reason= applied=916729 source_lsn=2000004 master latest=2000004 items master=2000000 replica=0 wal_applied=0 wal_skipped=835846 decode_refused=0 forward_applied=0 forward_skipped=0
# scale follow: state=following reason= applied=0 source_lsn=2000004 master latest=2000004 items master=2000000 replica=0 wal_applied=0 wal_skipped=0 decode_refused=0 forward_applied=0 forward_skipped=0
# scale follow: state=following reason= applied=0 source_lsn=2000004 master latest=2000004 items master=2000000 replica=1668767 wal_applied=0 wal_skipped=0 decode_refused=0 forward_applied=1472575 forward_skipped=101958
# scale follow: state=following reason= applied=1294639 source_lsn=0 master latest=2000004 items master=2000000 replica=1715560 wal_applied=243416 wal_skipped=1068880 decode_refused=0 forward_applied=0 forward_skipped=101958
# scale follow: state=following reason= applied=1384399 source_lsn=2000004 master latest=2000004 items master=2000000 replica=0 wal_applied=0 wal_skipped=1119992 decode_refused=0 forward_applied=1472575 forward_skipped=0
# scale follow: state=following reason= applied=1467019 source_lsn=2000004 master latest=2000004 items master=2000000 replica=1787870 wal_applied=316993 wal_skipped=1164565 decode_refused=0 forward_applied=1472575 forward_skipped=101958
# scale follow: state=following reason= applied=1541479 source_lsn=0 master latest=2000004 items master=2000000 replica=1811295 wal_applied=338720 wal_skipped=1219297 decode_refused=0 forward_applied=1472575 forward_skipped=101958
# scale follow: state=following reason= applied=1608544 source_lsn=2000004 master latest=2000004 items master=2000000 replica=0 wal_applied=367353 wal_skipped=1257319 decode_refused=0 forward_applied=1472575 forward_skipped=0
# scale follow: state=following reason= applied=0 source_lsn=2000004 master latest=2000004 items master=2000000 replica=0 wal_applied=0 wal_skipped=0 decode_refused=0 forward_applied=0 forward_skipped=0
# scale follow: state=following reason= applied=0 source_lsn=2000004 master latest=2000004 items master=2000000 replica=0 wal_applied=0 wal_skipped=0 decode_refused=0 forward_applied=0 forward_skipped=0
# scale follow: state=following reason= applied=0 source_lsn=0 master latest=2000004 items master=2000000 replica=0 wal_applied=527425 wal_skipped=1480428 decode_refused=0 forward_applied=1472575 forward_skipped=101958
# scale follow: state=following reason= applied=2000004 source_lsn=2000004 master latest=2000004 items master=2000000 replica=2000000 wal_applied=527425 wal_skipped=1480724 decode_refused=0 forward_applied=1472575 forward_skipped=101958
# scale load: 2000000/2000000 STORED in 969040 ms; master items=2000000 replica=2000000; follower converged=true 1687724 ms after the load ended; applied=(some 2000004) wal_applied=(some 527425) forward_applied=(some 1472575)
# master cont-repl-scale-nodes-0: restartCount 0→0; last termination reason: 
# --- replica follower lifecycle (filtered) ---
[140513977669312][NTC][cluster.cc:1813-_shift_node_role] shifting node_role (node_key=cont-repl-scale-nodes-1.cont-repl-scale-nodes.flare-cont-repl-scale.svc.cluster.local:12121, old_role=proxy, old_partition=-1, new_role=slave, new_partition=0)
[140513977669312][NTC][cluster.cc:1788-_reconcile_wal_follower_locked] starting continuous replication follower (source=cont-repl-scale-nodes-0.cont-repl-scale-nodes.flare-cont-repl-scale.svc.cluster.local:12121, max_batches=256, max_bytes=4194304, poll=200000us)
[140513977534144][NTC][stats.cc:276-follow_set_state] replication follow state: initial_sync
[140513977534144][NTC][stats.cc:276-follow_set_state] replication follow state: following

# scale load: master items grew by 2000000 (loader saw 2000000 STORED)
# killed=1
# Waiting for: replica restarted and Ready (timeout: 600s)
#   OK after 15s
# Waiting for: follower following again with equal items (timeout: 900s)
#   OK after 0s
# boot scan: [140613500198016][NTC][storage_rocksdb.cc:617-open] curr_items seeded by an exact scan: 2000000 live key(s) in 1417 ms
# after the restart: ready=true; following+equal=true; items master=2000000 replica=2000000; wal_fallback_to_dump=(some 0) reconstruction_completed=(some 1)
# probe timing lines: 186; max 3460 ms; 'reconcile slow' lines: 191; last: or] continuous-replication probe: 2 stats read(s) in 3343ms (tick 190; in-mode remembered: 1, out-of-mode remembered: 0)
# Cleaning up cluster 'cont-repl-scale'
# Tests: 3, Failures: 0
# RESULT: PASS
1..3
ok 1 - scale: load FLARE_E2E_SCALE_KEYS keys (pipelined) and let the follower converge
ok 2 - scale: exact key scan at open (kill -9 on the PVC-backed replica) — duration recorded
ok 3 - scale: operator probe cost at this size — recorded from the operator's own timing lines
