# === Suite: continuous-replication ===
# Cleaning up cluster 'cont-repl'
# Deploying cluster 'cont-repl' in namespace 'flare-cont-repl'
# Waiting for: namespace flare-cont-repl not Terminating (timeout: 30s)
#   OK after 5s
# Waiting for: default ServiceAccount in flare-cont-repl (timeout: 120s)
#   OK after 0s
# Waiting for: FlareCluster CRD established (timeout: 60s)
#   OK after 0s
# Waiting for: ClusterRole flare-operator present (timeout: 60s)
#   OK after 0s
# Waiting for operator deployment to be ready...
# Operator ready, waiting 10s for first reconcile cycle...
# ConfigMap cont-repl-config confirmed present before StatefulSet deploy
# Deploying StatefulSet...
# Waiting for StatefulSet cont-repl-nodes to be ready...
# Waiting for: all 2 pods ready (timeout: 180s)
#   OK after 0s
# Waiting for: 2 nodes registered (timeout: 300s)
#   OK after 0s
# Waiting 50s grace period for operator reconciliation...
# Checking operator activity...
# --- Operator logs (flare-operator) ---
#   [flare-operator] topology changed (v4294967298 → v4294967303), broadcasting
#   [DEBUG] Received command: node sync
#   [DEBUG] Parsed to: FlareOperator.Flare.FlareEvent.NodeSync none
#   [DEBUG] Sending response: NODE cont-repl-nodes-1.cont-repl-nodes.flare-cont-repl.svc.cluster.local 12121 1 1 0 0 17 | NODE cont-repl-nodes-0.cont-repl-nodes.flare-cont-repl.svc.cluster.local 12121 0 0 0 100 16 | END | 
#   [TopologyBroadcast] Broadcasting node sync v4294967303 (2 nodes) to 2 pods
#   [TcpClient] Sent node sync v4294967303 (2 nodes) to 10.244.0.13:12121
#   [TcpClient] Sent node sync v4294967303 (2 nodes) to 10.244.0.14:12121
#   [DEBUG] Received command: node state cont-repl-nodes-1.cont-repl-nodes.flare-cont-repl.svc.cluster.local 12121 active
#   [DEBUG] Parsed to: FlareOperator.Flare.FlareEvent.NodeState
#     "cont-repl-nodes-1.cont-repl-nodes.flare-cont-repl.svc.cluster.local"
#     12121
#     (FlareOperator.K8s.FlareSta
#   [TRACE] Event: NodeState cont-repl-nodes-1.cont-repl-nodes.flare-cont-repl.svc.cluster.local:12121 | Result: Prepare->Active | Reason: reconstruction complete
#   [TopologyBroadcast] Broadcast complete (v4294967303)
#   [DEBUG] handleRocksdbConfig: hasAny=false walTtl=none walSize=none sync=none
#   [flare-operator] reconcile slow: 6391ms (nodes=2 M=1 S=1 D=0 P=0)
#   [flare-operator] grace period: 21 cycles remaining
#   [flare-operator] replica repair ledger initialized from cont-repl-nodes-0.cont-repl-nodes.flare-cont-repl.svc.cluster.local:12121: 0 destination counter(s) recorded as baseline, none attributed
#   [DEBUG] handleRocksdbConfig: hasAny=false walTtl=none walSize=none sync=none
#   [flare-operator] reconcile slow: 11499ms (nodes=2 M=1 S=1 D=0 P=0)
#   [flare-operator] grace period: 20 cycles remaining
#   [flare-operator] re-sending v4294967304: 1 node(s) are Active in the map but their pods are not Ready yet (activation not applied locally)
#   [flare-operator] topology changed (v4294967304 → v4294967304), broadcasting
#   [TopologyBroadcast] Broadcasting node sync v4294967304 (2 nodes) to 2 pods
#   [TcpClient] Sent node sync v4294967304 (2 nodes) to 10.244.0.14:12121
#   [TcpClient] Sent node sync v4294967304 (2 nodes) to 10.244.0.13:12121
#   [TopologyBroadcast] Broadcast complete (v4294967304)
#   [DEBUG] handleRocksdbConfig: hasAny=false walTtl=none walSize=none sync=none
#   [flare-operator] reconcile slow: 13380ms (nodes=2 M=1 S=1 D=0 P=0)
#   [flare-operator] grace period: 19 cycles remaining
#   
# Waiting for: replica's follower is following (timeout: 120s)
#   OK after 0s
# Waiting for: replica's local items match the master's (timeout: 60s)
#   OK after 0s
# following: replica applied 30 forwarded change(s); applied_lsn=(some 34) master latest=(some 34) source_epoch=(some 2:eda678c0-03a5-4e1c-b1a0-37168071c076)
# fault: rejecting 10.244.0.13 ⇄ 10.244.0.14:12121 on flare-e2e-control-plane (both directions)
# Waiting for: master counts dropped forwarded writes (was 0) (timeout: 120s)
#   OK after 20s
# forwarding retries settled at 2 dropped write(s)
# under the cut: created 10/10, updated 5/5, deleted 5/5; master dropped 2; master latest=54 items=35; replica items=30 applied_lsn=(some 34) (was 34) state=(some disconnected); replica pod uid=2824ee6a-9dca-41c2-90a1-d83cd01dc977 reconstruction_started=1
# fault cleared: 10.244.0.13 ⇄ 10.244.0.14 forwards again
# Waiting for: replica applied past the master's position at the cut (54) while following (timeout: 240s)
#   OK after 5s
# after heal: resumed from applied_lsn=34 (cut started at 34) → 54 (bar 54); state=(some following) reason=none; wal_applied=(some 17) wal_skipped=(some 79); items master=35 replica=35; reconstruction_started 1→1; pod uid 2824ee6a-9dca-41c2-90a1-d83cd01dc977→2824ee6a-9dca-41c2-90a1-d83cd01dc977
# Waiting for: operator held the drop as owned by continuous replication (timeout: 60s)
#   OK after 0s
# Waiting for: operator closed the owned request by position (timeout: 240s)
#   OK after 20s
# Waiting for: ledger persisted as empty (timeout: 60s)
#   OK after 0s
# fault: the operator may no longer exec into pods (rule 5: ["pods/exec"] → ["pods/e2e-revoked-exec"])
# fault: rejecting 10.244.0.13 ⇄ 10.244.0.14:12121 on flare-e2e-control-plane (both directions)
# Waiting for: master counts dropped writes (was 4) (timeout: 120s)
#   OK after 20s
# Waiting for: operator holds the drop as follower-state-unknown (timeout: 150s)
#   OK after 0s
# with pods/exec revoked: held-as-unknown=true; ledger holds: follower state unknown (stats unreadable)
# fault cleared: 10.244.0.13 ⇄ 10.244.0.14 forwards again
# Waiting for: replica catches up (follower does not depend on the operator's probe) (timeout: 240s)
#   OK after 5s
# fault cleared: pods/exec restored
# Waiting for: once the probe works again the owned request closes by position (timeout: 300s)
#   OK after 0s
# after restoring pods/exec: closed=true; reconstruction_started 1→1; pod uid 2824ee6a-9dca-41c2-90a1-d83cd01dc977→2824ee6a-9dca-41c2-90a1-d83cd01dc977
# fault cleared: 10.244.0.13 ⇄ 10.244.0.14 forwards again
# Cleaning up cluster 'cont-repl'
# Tests: 6, Failures: 0
# RESULT: PASS
1..6
ok 1 - precondition: both flags are on for every node and the replica's read balance is 0
ok 2 - normal following: writes reach the replica and its follower reports following
ok 3 - cut: create, update and delete on the master while the replica is unreachable; then new writes stop
ok 4 - heal: with NO new writes the replica catches up from its position — no rebuild, no pod recreation
ok 5 - ledger: the counted drop was HELD under the follower's ownership and CLOSED without a demotion
ok 6 - operator stats fetch failure: a drop whose follower cannot be probed is held as Unknown, never demoted, and closes when the probe returns
EXIT=0
