# === Suite: cluster-replication ===
# Cleaning up cluster 'repl-v1'
# Cleaning up cluster 'repl-v2'
# Deploying cluster 'repl-v1' in namespace 'flare-repl-v1'
# Waiting for: namespace flare-repl-v1 not Terminating (timeout: 30s)
#   OK after 0s
# Waiting for: default ServiceAccount in flare-repl-v1 (timeout: 120s)
#   OK after 0s
# Waiting for: FlareCluster CRD established (timeout: 60s)
#   OK after 0s
# Waiting for: ClusterRole flare-operator present (timeout: 60s)
#   OK after 0s
# Waiting for operator deployment to be ready...
# Operator ready, waiting 10s for first reconcile cycle...
# ConfigMap repl-v1-config confirmed present before StatefulSet deploy
# Deploying StatefulSet...
# Waiting for StatefulSet repl-v1-nodes to be ready...
# Waiting for: all 4 pods ready (timeout: 180s)
#   OK after 0s
# Waiting for: 4 nodes registered (timeout: 300s)
#   OK after 0s
# Waiting 50s grace period for operator reconciliation...
# Checking operator activity...
# --- Operator logs (flare-operator-repl-v1) ---
#   [flare-operator] grace period: 17 cycles remaining
#   [TopologyAudit] node=repl-v1-nodes-3.repl-v1-nodes.flare-repl-v1.svc.cluster.local:12121 uid=(some 6ef03a5e-3912-4c45-be24-6136382d61ab) desired=4294967314 reported=(some 4294967313) verdict=behind
#   [flare-operator] retrying an unconfirmed topology send (pending v4294967314; publishing v4294967314)
#   [flare-operator] broadcast trigger: versionMoved=false pending=v4294967314 repairHeld=0 activeNotReady=0
#   [flare-operator] topology changed (v4294967314 → v4294967314), broadcasting
#   [TopologyBroadcast] Broadcasting node sync v4294967314 (4 nodes) to 4 pods
#   [TcpClient] node sync v4294967314 to 10.244.0.9:12121: reply-confirmed=true
#   [TcpClient] node sync v4294967314 to 10.244.0.11:12121: reply-confirmed=true
#   [TcpClient] node sync v4294967314 to 10.244.0.10:12121: reply-confirmed=true
#   [TcpClient] node sync v4294967314 to 10.244.0.12:12121: reply-confirmed=true
#   [TopologyBroadcast] Broadcast attempt complete (v4294967314); all targets reply-confirmed=true
#   [DEBUG] handleRocksdbConfig: hasAny=false walTtl=none walSize=none sync=none
#   [flare-operator] reconcile slow: 2701ms (nodes=4 M=2 S=2 D=0 P=0)
#   [flare-operator] grace period: 16 cycles remaining
#   [TopologyAudit] node=repl-v1-nodes-2.repl-v1-nodes.flare-repl-v1.svc.cluster.local:12121 uid=(some 71d390a7-3432-4f2a-9447-8671eb98aa91) desired=4294967314 reported=(some 4294967314) verdict=current
#   [DEBUG] handleRocksdbConfig: hasAny=false walTtl=none walSize=none sync=none
#   [flare-operator] reconcile slow: 1891ms (nodes=4 M=2 S=2 D=0 P=0)
#   [flare-operator] grace period: 15 cycles remaining
#   [TopologyAudit] node=repl-v1-nodes-1.repl-v1-nodes.flare-repl-v1.svc.cluster.local:12121 uid=(some 69db61fe-e944-486f-80e7-8d9e3ca2d495) desired=4294967314 reported=(some 4294967314) verdict=current
#   [DEBUG] handleRocksdbConfig: hasAny=false walTtl=none walSize=none sync=none
#   [flare-operator] reconcile slow: 1894ms (nodes=4 M=2 S=2 D=0 P=0)
#   [flare-operator] grace period: 14 cycles remaining
#   [TopologyAudit] node=repl-v1-nodes-0.repl-v1-nodes.flare-repl-v1.svc.cluster.local:12121 uid=(some 15fcaf3f-5c27-424f-b098-791204afae8c) desired=4294967314 reported=(some 4294967314) verdict=current
#   [DEBUG] handleRocksdbConfig: hasAny=false walTtl=none walSize=none sync=none
#   [flare-operator] reconcile slow: 2286ms (nodes=4 M=2 S=2 D=0 P=0)
#   [flare-operator] grace period: 13 cycles remaining
#   [TopologyAudit] node=repl-v1-nodes-3.repl-v1-nodes.flare-repl-v1.svc.cluster.local:12121 uid=(some 6ef03a5e-3912-4c45-be24-6136382d61ab) desired=4294967314 reported=(some 4294967314) verdict=current
#   [DEBUG] handleRocksdbConfig: hasAny=false walTtl=none walSize=none sync=none
#   [flare-operator] reconcile slow: 1855ms (nodes=4 M=2 S=2 D=0 P=0)
#   [flare-operator] grace period: 12 cycles remaining
#   
# Deploying second cluster 'repl-v2'
# Waiting for StatefulSet repl-v2-nodes to be ready...
# Waiting for: all 2 pods ready (timeout: 180s)
#   OK after 0s
# Waiting for: 2 nodes registered (timeout: 300s)
#   OK after 0s
# Waiting 50s grace period for operator reconciliation...
# Checking operator activity...
# --- Operator logs (flare-operator-repl-v2) ---
#   [TopologyAudit] node=repl-v2-nodes-1.repl-v2-nodes.flare-repl-v2.svc.cluster.local:12121 uid=(some 9b899db3-a153-46bd-8640-2d1ccfd1cc6f) desired=4294967305 reported=(some 4294967304) verdict=behind
#   [flare-operator] retrying an unconfirmed topology send (pending v4294967305; publishing v4294967305)
#   [flare-operator] broadcast trigger: versionMoved=false pending=v4294967305 repairHeld=0 activeNotReady=0
#   [flare-operator] topology changed (v4294967305 → v4294967305), broadcasting
#   [TopologyBroadcast] Broadcasting node sync v4294967305 (2 nodes) to 2 pods
#   [TcpClient] node sync v4294967305 to 10.244.0.15:12121: reply-confirmed=true
#   [TcpClient] node sync v4294967305 to 10.244.0.16:12121: reply-confirmed=true
#   [TopologyBroadcast] Broadcast attempt complete (v4294967305); all targets reply-confirmed=true
#   [DEBUG] handleRocksdbConfig: hasAny=false walTtl=none walSize=none sync=none
#   [flare-operator] reconcile slow: 2690ms (nodes=2 M=1 S=1 D=0 P=0)
#   [flare-operator] grace period: 18 cycles remaining
#   [TopologyAudit] node=repl-v2-nodes-0.repl-v2-nodes.flare-repl-v2.svc.cluster.local:12121 uid=(some 813a8819-de13-42e3-ab52-ff4557ba0910) desired=4294967305 reported=(some 4294967305) verdict=current
#   [DEBUG] handleRocksdbConfig: hasAny=false walTtl=none walSize=none sync=none
#   [flare-operator] reconcile slow: 1882ms (nodes=2 M=1 S=1 D=0 P=0)
#   [flare-operator] grace period: 17 cycles remaining
#   [TopologyAudit] node=repl-v2-nodes-1.repl-v2-nodes.flare-repl-v2.svc.cluster.local:12121 uid=(some 9b899db3-a153-46bd-8640-2d1ccfd1cc6f) desired=4294967305 reported=(some 4294967305) verdict=current
#   [DEBUG] handleRocksdbConfig: hasAny=false walTtl=none walSize=none sync=none
#   [flare-operator] reconcile slow: 2001ms (nodes=2 M=1 S=1 D=0 P=0)
#   [flare-operator] grace period: 16 cycles remaining
#   [TopologyAudit] node=repl-v2-nodes-0.repl-v2-nodes.flare-repl-v2.svc.cluster.local:12121 uid=(some 813a8819-de13-42e3-ab52-ff4557ba0910) desired=4294967305 reported=(some 4294967305) verdict=current
#   [DEBUG] handleRocksdbConfig: hasAny=false walTtl=none walSize=none sync=none
#   [flare-operator] reconcile slow: 1773ms (nodes=2 M=1 S=1 D=0 P=0)
#   [flare-operator] grace period: 15 cycles remaining
#   [TopologyAudit] node=repl-v2-nodes-1.repl-v2-nodes.flare-repl-v2.svc.cluster.local:12121 uid=(some 9b899db3-a153-46bd-8640-2d1ccfd1cc6f) desired=4294967305 reported=(some 4294967305) verdict=current
#   [DEBUG] handleRocksdbConfig: hasAny=false walTtl=none walSize=none sync=none
#   [flare-operator] reconcile slow: 1872ms (nodes=2 M=1 S=1 D=0 P=0)
#   [flare-operator] grace period: 14 cycles remaining
#   [TopologyAudit] node=repl-v2-nodes-0.repl-v2-nodes.flare-repl-v2.svc.cluster.local:12121 uid=(some 813a8819-de13-42e3-ab52-ff4557ba0910) desired=4294967305 reported=(some 4294967305) verdict=current
#   [DEBUG] handleRocksdbConfig: hasAny=false walTtl=none walSize=none sync=none
#   [flare-operator] reconcile slow: 1739ms (nodes=2 M=1 S=1 D=0 P=0)
#   
# wrote 30/30 shrink keys + 1 canary to v1 (2 partitions)
# Waiting for: migrationPhase=Dumping (timeout: 60s)
#   OK after 10s
# Waiting for: extra.conf has cluster-replication=true (timeout: 60s)
#   OK after 0s
# Waiting for: stats cluster_replication on/duplicate (timeout: 120s)
#   OK after 80s
# Waiting for: all 30 keys on v2 (timeout: 180s)
#   OK after 0s
# v2 after shrink: 30/30 keys present, 0 mismatched
# Waiting for: migrationPhase=Forwarding (timeout: 120s)
#   OK after 15s
# Waiting for: extra.conf mode=forward (timeout: 60s)
#   OK after 0s
# Cleaning up cluster 'repl-v1'
# Cleaning up cluster 'repl-v2'
# === Suite: wal-retention-config ===
# Cleaning up cluster 'wal-retention'
# Deploying cluster 'wal-retention' in namespace 'flare-wal-retention'
# Waiting for: namespace flare-wal-retention not Terminating (timeout: 30s)
#   OK after 0s
# Waiting for: default ServiceAccount in flare-wal-retention (timeout: 120s)
#   OK after 0s
# Waiting for: FlareCluster CRD established (timeout: 60s)
#   OK after 0s
# Waiting for: ClusterRole flare-operator present (timeout: 60s)
#   OK after 0s
# Waiting for operator deployment to be ready...
# Operator ready, waiting 10s for first reconcile cycle...
# ConfigMap wal-retention-config confirmed present before StatefulSet deploy
# Deploying StatefulSet...
# Waiting for StatefulSet wal-retention-nodes to be ready...
# Waiting for: all 4 pods ready (timeout: 180s)
#   OK after 0s
# Waiting for: 4 nodes registered (timeout: 300s)
#   OK after 0s
# Waiting 50s grace period for operator reconciliation...
# Checking operator activity...
# --- Operator logs (flare-operator-wal-retention) ---
#   [flare-operator] broadcast trigger: versionMoved=false pending=v4294967313 repairHeld=0 activeNotReady=0
#   [flare-operator] topology changed (v4294967313 → v4294967313), broadcasting
#   [TopologyBroadcast] Broadcasting node sync v4294967313 (4 nodes) to 4 pods
#   [TcpClient] node sync v4294967313 to 10.244.0.20:12121: reply-confirmed=true
#   [TcpClient] node sync v4294967313 to 10.244.0.19:12121: reply-confirmed=true
#   [TcpClient] node sync v4294967313 to 10.244.0.21:12121: reply-confirmed=true
#   [TcpClient] node sync v4294967313 to 10.244.0.22:12121: reply-confirmed=true
#   [TopologyBroadcast] Broadcast attempt complete (v4294967313); all targets reply-confirmed=true
#   [DEBUG] handleRocksdbConfig: hasAny=false walTtl=none walSize=none sync=none
#   [flare-operator] reconcile slow: 2914ms (nodes=4 M=2 S=2 D=0 P=0)
#   [flare-operator] grace period: 17 cycles remaining
#   [TopologyAudit] node=wal-retention-nodes-3.wal-retention-nodes.flare-wal-retention.svc.cluster.local:12121 uid=(some c23cab6f-3707-4e51-b110-315b638e2670) desired=4294967313 reported=(some 4294967313) verdict=current
#   [DEBUG] handleRocksdbConfig: hasAny=false walTtl=none walSize=none sync=none
#   [flare-operator] reconcile slow: 1796ms (nodes=4 M=2 S=2 D=0 P=0)
#   [flare-operator] grace period: 16 cycles remaining
#   [TopologyAudit] node=wal-retention-nodes-2.wal-retention-nodes.flare-wal-retention.svc.cluster.local:12121 uid=(some 567ce509-61a5-4b04-8565-5644f6329416) desired=4294967313 reported=(some 4294967313) verdict=current
#   [DEBUG] handleRocksdbConfig: hasAny=false walTtl=none walSize=none sync=none
#   [flare-operator] reconcile slow: 1823ms (nodes=4 M=2 S=2 D=0 P=0)
#   [flare-operator] grace period: 15 cycles remaining
#   [TopologyAudit] node=wal-retention-nodes-1.wal-retention-nodes.flare-wal-retention.svc.cluster.local:12121 uid=(some a9340da6-25bc-4021-8ce4-9c0a76a9def7) desired=4294967313 reported=(some 4294967313) verdict=current
#   [DEBUG] handleRocksdbConfig: hasAny=false walTtl=none walSize=none sync=none
#   [flare-operator] reconcile slow: 1879ms (nodes=4 M=2 S=2 D=0 P=0)
#   [flare-operator] grace period: 14 cycles remaining
#   [TopologyAudit] node=wal-retention-nodes-0.wal-retention-nodes.flare-wal-retention.svc.cluster.local:12121 uid=(some 7c380a44-9402-4bd9-8950-8befda1a35c6) desired=4294967313 reported=(some 4294967313) verdict=current
#   [DEBUG] handleRocksdbConfig: hasAny=false walTtl=none walSize=none sync=none
#   [flare-operator] reconcile slow: 2192ms (nodes=4 M=2 S=2 D=0 P=0)
#   [flare-operator] grace period: 13 cycles remaining
#   [TopologyAudit] node=wal-retention-nodes-3.wal-retention-nodes.flare-wal-retention.svc.cluster.local:12121 uid=(some c23cab6f-3707-4e51-b110-315b638e2670) desired=4294967313 reported=(some 4294967313) verdict=current
#   [DEBUG] handleRocksdbConfig: hasAny=false walTtl=none walSize=none sync=none
#   [flare-operator] reconcile slow: 1820ms (nodes=4 M=2 S=2 D=0 P=0)
#   
# Cleaning up cluster 'wal-retention'
# === Suite: strict-durability ===
# Cleaning up cluster 'strict-durability'
# Deploying cluster 'strict-durability' in namespace 'flare-strict-dur'
# Waiting for: namespace flare-strict-dur not Terminating (timeout: 30s)
#   OK after 0s
# Waiting for: default ServiceAccount in flare-strict-dur (timeout: 120s)
#   OK after 0s
# Waiting for: FlareCluster CRD established (timeout: 60s)
#   OK after 0s
# Waiting for: ClusterRole flare-operator present (timeout: 60s)
#   OK after 0s
# Waiting for operator deployment to be ready...
# Operator ready, waiting 10s for first reconcile cycle...
# ConfigMap strict-durability-config confirmed present before StatefulSet deploy
# Deploying StatefulSet...
# Waiting for StatefulSet strict-durability-nodes to be ready...
# Waiting for: all 4 pods ready (timeout: 180s)
#   OK after 0s
# Waiting for: 4 nodes registered (timeout: 300s)
#   OK after 0s
# Waiting 50s grace period for operator reconciliation...
# Checking operator activity...
# --- Operator logs (flare-operator-strict-dur) ---
#   [flare-operator] broadcast trigger: versionMoved=false pending=v4294967313 repairHeld=0 activeNotReady=0
#   [flare-operator] topology changed (v4294967313 → v4294967313), broadcasting
#   [TopologyBroadcast] Broadcasting node sync v4294967313 (4 nodes) to 4 pods
#   [TcpClient] node sync v4294967313 to 10.244.0.28:12121: reply-confirmed=true
#   [TcpClient] node sync v4294967313 to 10.244.0.26:12121: reply-confirmed=true
#   [TcpClient] node sync v4294967313 to 10.244.0.27:12121: reply-confirmed=true
#   [TcpClient] node sync v4294967313 to 10.244.0.25:12121: reply-confirmed=true
#   [TopologyBroadcast] Broadcast attempt complete (v4294967313); all targets reply-confirmed=true
#   [DEBUG] handleRocksdbConfig: hasAny=false walTtl=none walSize=none sync=none
#   [flare-operator] reconcile slow: 2646ms (nodes=4 M=2 S=2 D=0 P=0)
#   [flare-operator] grace period: 17 cycles remaining
#   [TopologyAudit] node=strict-durability-nodes-3.strict-durability-nodes.flare-strict-dur.svc.cluster.local:12121 uid=(some f9800b46-3b2d-4741-9583-37da4c3c12d4) desired=4294967313 reported=(some 4294967313) verdict=current
#   [DEBUG] handleRocksdbConfig: hasAny=false walTtl=none walSize=none sync=none
#   [flare-operator] reconcile slow: 1844ms (nodes=4 M=2 S=2 D=0 P=0)
#   [flare-operator] grace period: 16 cycles remaining
#   [TopologyAudit] node=strict-durability-nodes-2.strict-durability-nodes.flare-strict-dur.svc.cluster.local:12121 uid=(some bd7121a1-8bab-4086-8f61-d1f00f614408) desired=4294967313 reported=(some 4294967313) verdict=current
#   [DEBUG] handleRocksdbConfig: hasAny=false walTtl=none walSize=none sync=none
#   [flare-operator] reconcile slow: 1893ms (nodes=4 M=2 S=2 D=0 P=0)
#   [flare-operator] grace period: 15 cycles remaining
#   [TopologyAudit] node=strict-durability-nodes-1.strict-durability-nodes.flare-strict-dur.svc.cluster.local:12121 uid=(some f0f54f0e-b789-4ace-987a-c0077d4533db) desired=4294967313 reported=(some 4294967313) verdict=current
#   [DEBUG] handleRocksdbConfig: hasAny=false walTtl=none walSize=none sync=none
#   [flare-operator] reconcile slow: 1796ms (nodes=4 M=2 S=2 D=0 P=0)
#   [flare-operator] grace period: 14 cycles remaining
#   [TopologyAudit] node=strict-durability-nodes-0.strict-durability-nodes.flare-strict-dur.svc.cluster.local:12121 uid=(some ad7a4141-e414-416e-a2fb-ec3a6f36cea1) desired=4294967313 reported=(some 4294967313) verdict=current
#   [DEBUG] handleRocksdbConfig: hasAny=false walTtl=none walSize=none sync=none
#   [flare-operator] reconcile slow: 2188ms (nodes=4 M=2 S=2 D=0 P=0)
#   [flare-operator] grace period: 13 cycles remaining
#   [TopologyAudit] node=strict-durability-nodes-3.strict-durability-nodes.flare-strict-dur.svc.cluster.local:12121 uid=(some f9800b46-3b2d-4741-9583-37da4c3c12d4) desired=4294967313 reported=(some 4294967313) verdict=current
#   [DEBUG] handleRocksdbConfig: hasAny=false walTtl=none walSize=none sync=none
#   [flare-operator] reconcile slow: 1894ms (nodes=4 M=2 S=2 D=0 P=0)
#   
# Cleaning up cluster 'strict-durability'
# === Suite: continuous-replication-purge ===
# Deploying cluster 'cont-repl-purge' in namespace 'flare-cont-repl-purge'
# Waiting for: namespace flare-cont-repl-purge not Terminating (timeout: 30s)
#   OK after 0s
# Waiting for: default ServiceAccount in flare-cont-repl-purge (timeout: 120s)
#   OK after 0s
# Waiting for: FlareCluster CRD established (timeout: 60s)
#   OK after 0s
# Waiting for: ClusterRole flare-operator present (timeout: 60s)
#   OK after 0s
# Waiting for operator deployment to be ready...
# Operator ready, waiting 10s for first reconcile cycle...
# ConfigMap cont-repl-purge-config confirmed present before StatefulSet deploy
# Deploying StatefulSet...
# Waiting 50s grace period for operator reconciliation...
# Waiting for: replica following and matching (timeout: 120s)
#   OK after 0s
# following: state=(some following) applied=(some 24) master latest=(some 24)
# fault: rejecting 10.244.0.31 ⇄ 10.244.0.32:12121 on flare-e2e-control-plane (both directions)
# under the cut: 40/40 keys of 100 kB written (master latest 64, replica applied 24); waited 8 s for the WAL purge
# fault cleared: 10.244.0.31 ⇄ 10.244.0.32 forwards again
# Waiting for: follower declares needs_rebuild with reason lsn_purged (timeout: 120s)
#   OK after 0s
# after the heal: follower state=needs_rebuild reason=lsn_purged applied=(some 24) items master=60 replica=60 decode_refused=(some 0)
# --- replica follower lines (filtered) ---
[140571882501824][NTC][stats.cc:276-follow_set_state] replication follow state: disconnected — peer_unreachable
[140571882501824][WRN][connection_tcp.cc:156-_open] connect() failed: Connection refused (111) -> wait for 500000 usec
[140571882501824][WRN][connection_tcp.cc:156-_open] connect() failed: Connection refused (111) -> wait for 500000 usec
[140571882501824][WRN][connection_tcp.cc:156-_open] connect() failed: Connection refused (111) -> wait for 500000 usec
[140571882501824][WRN][connection_tcp.cc:156-_open] connect() failed: Connection refused (111) -> wait for 500000 usec
[140571882501824][WRN][connection_tcp.cc:156-_open] connect() failed: Connection refused (111) -> wait for 500000 usec
[140571882501824][WRN][connection_tcp.cc:156-_open] connect() failed: Connection refused (111) -> wait for 500000 usec
[140571882501824][WRN][connection_tcp.cc:156-_open] connect() failed: Connection refused (111) -> wait for 500000 usec
[140571882501824][WRN][connection_tcp.cc:156-_open] connect() failed: Connection refused (111) -> wait for 500000 usec
[140571882501824][WRN][connection_tcp.cc:156-_open] connect() failed: Connection refused (111) -> wait for 500000 usec
[140571882501824][NTC][op_repl_sync_wal.cc:472-_parse_text_client_parameters] master reports lsn_purged -> full dump required
[140571882501824][NTC][stats.cc:276-follow_set_state] replication follow state: needs_rebuild — lsn_purged

# --- master WAL-serve lines (filtered) ---
[140043325597376][NTC][op_repl_sync_wal.cc:242-_run_server] LSN 24 is no longer served: the oldest WAL batch available is 45 -> lsn_purged (slave needs a rebuild)

# Waiting for: operator files a repair request for the follower (timeout: 150s)
#   OK after 10s
# Waiting for: follower reconstructed and following at the master's position (timeout: 480s)
#   OK after 20s
# triggers: master dropped 0→0 forward(s); drop-route request logged=false; follower-route request logged=true; most ledger entries at once=1
# rebuild: requested=true; reconstruction_started 1→2; state=(some following); items master=60 replica=60; wal_fallback_to_dump=(some 1) snapshot_bootstrap=(some 2); pod uid 4386ab2c-6e37-43d7-9c72-4721813c8bb4→4386ab2c-6e37-43d7-9c72-4721813c8bb4
# Waiting for: ledger empty (timeout: 240s)
#   OK after 0s
# after the ledger emptied (+30 s): reconstruction_started 1→2, completed 1→2
# NOTE: the master counted no dropped forwards during the cut; only the follower route fired, so this run does not show the concurrent case
# Cleaning up cluster 'cont-repl-purge'
# === Suite: continuous-replication-limits ===
# Deploying cluster 'cont-repl-limits' in namespace 'flare-cont-repl-limits'
# Waiting for: namespace flare-cont-repl-limits not Terminating (timeout: 30s)
#   OK after 0s
# Waiting for: default ServiceAccount in flare-cont-repl-limits (timeout: 120s)
#   OK after 0s
# Waiting for: FlareCluster CRD established (timeout: 60s)
#   OK after 0s
# Waiting for: ClusterRole flare-operator present (timeout: 60s)
#   OK after 0s
# Waiting for operator deployment to be ready...
# Operator ready, waiting 10s for first reconcile cycle...
# ConfigMap cont-repl-limits-config confirmed present before StatefulSet deploy
# Deploying StatefulSet...
# Waiting 50s grace period for operator reconciliation...
# Waiting for: replica following and matching (timeout: 120s)
#   TIMEOUT after 120s waiting for: replica following and matching
#   reason: replica never followed (state (some following))
# fault: rejecting 10.244.0.35 ⇄ 10.244.0.38:12121 on flare-e2e-control-plane (both directions)
# backlog under the cut: 300/300 keys of 50 kB, 100/100 deleted; master latest 231, replica applied 18; master RSS 34056 kB → 43104 kB
# fault cleared: 10.244.0.35 ⇄ 10.244.0.38 forwards again
# Waiting for: tombstones collected once the position passed the deletes (timeout: 120s)
#   OK after 0s
# drain: converged=false; applied 18→199 (master 231); largest 1 s advance 181 seq; master RSS max 43144 kB (growth 9088 kB); tombstones max 0 → now 0 (collected=true); wal_applied=(some 0) tombstones_dropped=(some 47); items master=121 replica=99; reconstruction_started 1→1
#   reason: the replica did not drain the backlog (applied 199 of 231, items master=121 replica=99)
# fault: rejecting 10.244.0.35 ⇄ 10.244.0.38:12121 on flare-e2e-control-plane (both directions)
# under the cut: stored 50/50 on the master; items master=151 replica=119
# fault cleared: 10.244.0.35 ⇄ 10.244.0.38 forwards again
# Waiting for: failover promotes the lagged follower (timeout: 240s)
#   TIMEOUT after 240s waiting for: failover promotes the lagged follower
# failover: promoted=false; NOT LOSS-FREE logged=false; items old master=151 new master=119 (gap 32)
#   reason: the lagged follower was not promoted: the partition stayed without a master
# --- diagnostics for failing suite 'continuous-replication-limits' ---
# Cleaning up cluster 'cont-repl-limits'
# Tests: 27, Failures: 3
# RESULT: FAIL
1..27
ok 1 - write test data to v1
ok 2 - trigger cluster replication via CRD patch
ok 3 - migrationPhase transitions to Dumping
ok 4 - ConfigMap contains cluster-replication settings
ok 5 - flared stats report the APPLIED replication state (drift observable)
ok 6 - all 30 keys migrate to v2 via the duplicate-mode dump
ok 7 - v2 slave converges too (foreign-marked stream not hoarded)
ok 8 - user patches mode=forward to advance
ok 9 - migrationPhase transitions to Forwarding
ok 10 - ConfigMap updated to forward mode
ok 11 - disable renders an explicit cluster-replication = false (not removal)
ok 12 - pre-flight: ConfigMap exists with extra.conf key
ok 13 - patch spec.rocksdb.walTtlSeconds is propagated to ConfigMap
ok 14 - patch spec.rocksdb.walSizeLimitMb is propagated to ConfigMap
ok 15 - updating walTtlSeconds triggers re-render
ok 16 - memory knobs survive CR admission and reach extra.conf (restart required)
ok 17 - flared is running with RocksDB backend
ok 18 - pre-flight: ConfigMap exists with extra.conf key
ok 19 - patch spec.rocksdb.syncWrites=true is propagated
ok 20 - patching syncWrites=false cleanly replaces stale value
ok 21 - syncWrites + walTtlSeconds coexist in extra.conf
ok 22 - flared is running with RocksDB backend
ok 23 - precondition: both flags on, retention knobs baked, replica following
ok 24 - T6: history purged while cut → the follower declares needs_rebuild (lsn_purged), never synchronised; the operator rebuilds it; it follows again
not ok 25 - precondition: replica following
not ok 26 - T9: a 15 MB backlog with deletes is drained in bounded chunks; master RSS growth measured; tombstones return to zero by position (SC-20)
not ok 27 - lagged successor: the master is lost while its follower is cut off and behind; failover promotes it as not loss-free, logs that, and the gap is the writes it never received
