# === Suite: continuous-replication-scale ===
# Deploying cluster 'cont-repl-scale' in namespace 'flare-cont-repl-scale'
# Waiting for: namespace flare-cont-repl-scale not Terminating (timeout: 30s)
#   OK after 0s
# Waiting for: default ServiceAccount in flare-cont-repl-scale (timeout: 120s)
#   OK after 0s
# Waiting for: FlareCluster CRD established (timeout: 60s)
#   OK after 0s
# Waiting for: ClusterRole flare-operator present (timeout: 60s)
#   OK after 0s
# Waiting for operator deployment to be ready...
# Operator ready, waiting 10s for first reconcile cycle...
# ConfigMap cont-repl-scale-config confirmed present before StatefulSet deploy
# Deploying StatefulSet...
# Waiting 50s grace period for operator reconciliation...
# Waiting for: the master reloads max-total-thread-queue = 200000 (timeout: 240s)
#   OK after 55s
# load at 0: stored so far 20000; master RSS=41904kB heap in-use=25024kB heap free=1333kB restarts=0 thread_queue=7273 dropped=0 items=20000; replica applied=14794 forward_applied=2286 RSS=37172kB heap in-use=21522kB
# load at 500000: stored so far 520000; master RSS=141036kB heap in-use=97508kB heap free=28293kB restarts=0 thread_queue=54006 dropped=0 items=520000; replica applied=280249 forward_applied=380220 RSS=117480kB heap in-use=102757kB
# load at 1000000: stored so far 1020000; master RSS=181096kB heap in-use=110204kB heap free=55701kB restarts=0 thread_queue=106881 dropped=0 items=1020000; replica applied=426874 forward_applied=827873 RSS=79500kB heap in-use=47612kB
# load at 1500000: stored so far 1520000; master RSS=288252kB heap in-use=215351kB heap free=57229kB restarts=0 thread_queue=197905 dropped=79064 items=1520000; replica applied=523774 forward_applied=1158920 RSS=130024kB heap in-use=115205kB
# load at 2000000: stored so far 2020000; master RSS=401752kB heap in-use=193123kB heap free=192805kB restarts=0 thread_queue=198197 dropped=291689 items=2020000; replica applied=608434 forward_applied=1446509 RSS=160376kB heap in-use=111486kB
# load at 2500000: stored so far 2520000; master RSS=442876kB heap in-use=171813kB heap free=255121kB restarts=0 thread_queue=199622 dropped=510382 items=2520000; replica applied=684424 forward_applied=0 RSS=167580kB heap in-use=0kB
# load at 3000000: stored so far 3020000; master RSS=442936kB heap in-use=215048kB heap free=211879kB restarts=0 thread_queue=199657 dropped=753199 items=3020000; replica applied=0 forward_applied=1983943 RSS=185300kB heap in-use=0kB
# load at 3500000: stored so far 3520000; master RSS=449048kB heap in-use=192408kB heap free=240827kB restarts=0 thread_queue=198512 dropped=999590 items=3520000; replica applied=819319 forward_applied=0 RSS=189888kB heap in-use=0kB
# load at 4000000: stored so far 4020000; master RSS=449048kB heap in-use=234770kB heap free=198300kB restarts=0 thread_queue=199621 dropped=1412055 items=4020000; replica applied=0 forward_applied=0 RSS=193716kB heap in-use=0kB
# load at 4500000: stored so far 4520000; master RSS=448640kB heap in-use=212805kB heap free=219966kB restarts=0 thread_queue=199754 dropped=1786568 items=4520000; replica applied=0 forward_applied=0 RSS=219980kB heap in-use=0kB
# load at 5000000: stored so far 5020000; master RSS=441848kB heap in-use=190238kB heap free=235369kB restarts=0 thread_queue=198961 dropped=2206690 items=5020000; replica applied=0 forward_applied=0 RSS=220276kB heap in-use=0kB
# load at 5500000: stored so far 5520000; master RSS=441848kB heap in-use=233471kB heap free=192148kB restarts=0 thread_queue=199544 dropped=2605486 items=5520000; replica applied=0 forward_applied=0 RSS=220276kB heap in-use=0kB
# memory after the load +1 min: master RSS=457252kB heap in-use=181962kB heap free=259297kB restarts=0 items=6000000 thread_queue=159831 dropped=3010218; follower state=? applied=0 master head=6000004; replica RSS=220300kB heap in-use=0kB
# memory after the load +2 min: master RSS=457252kB heap in-use=164756kB heap free=276470kB restarts=0 items=6000000 thread_queue=134901 dropped=3010218; follower state=? applied=0 master head=6000004; replica RSS=220328kB heap in-use=0kB
# memory after the load +3 min: master RSS=457252kB heap in-use=148472kB heap free=292775kB restarts=0 items=6000000 thread_queue=111332 dropped=3010218; follower state=? applied=0 master head=6000004; replica RSS=220328kB heap in-use=0kB
# memory-only: loaded 6000000/6000000 in 2494934 ms; master restarts 0→0
# Cleaning up cluster 'cont-repl-scale'
# Tests: 3, Failures: 0
# RESULT: PASS
1..3
ok 1 - scale: load FLARE_E2E_SCALE_KEYS keys (pipelined) and let the follower converge
ok 2 - scale: exact key scan at open (kill -9 on the PVC-backed replica) — duration recorded # SKIP memory-only profile
ok 3 - scale: operator probe cost at this size — recorded from the operator's own timing lines # SKIP memory-only profile
