# === Suite: circuit-breaker ===
# Cleaning up cluster 'breaker'
# Deploying cluster 'breaker' in namespace 'flare-breaker'
# Waiting for: namespace flare-breaker not Terminating (timeout: 30s)
#   OK after 0s
# Waiting for: default ServiceAccount in flare-breaker (timeout: 120s)
#   OK after 0s
# Waiting for: FlareCluster CRD established (timeout: 60s)
#   OK after 0s
# Waiting for: ClusterRole flare-operator present (timeout: 60s)
#   OK after 0s
# Waiting for operator deployment to be ready...
# Operator ready, waiting 10s for first reconcile cycle...
# ConfigMap breaker-config confirmed present before StatefulSet deploy
# Deploying StatefulSet...
# Waiting for StatefulSet breaker-nodes to be ready...
# Waiting for: all 4 pods ready (timeout: 180s)
#   OK after 0s
# Waiting for: 4 nodes registered (timeout: 300s)
#   OK after 0s
# Waiting 50s grace period for operator reconciliation...
# Checking operator activity...
# --- Operator logs (flare-operator) ---
#   [DEBUG] Sending response: NODE breaker-nodes-3.breaker-nodes.flare-breaker.svc.cluster.local 12121 1 0 1 0 19 | NODE breaker-nodes-2.breaker-nodes.flare-breaker.svc.cluster.local 12121 0 0 1 100 18 | NODE breaker-nodes-1.breaker-nodes.flare-breaker.svc.cluster.local 12121 1 0 0 0 17 | NODE breaker-nodes-0.breaker-nodes.flare-breaker.svc.cluster.local 12121 0 0 0 100 16 | END | 
#   [flare-operator] continuous-replication probe: 1 stats read(s) in 132ms (tick 6; in-mode remembered: 0, out-of-mode remembered: 1)
#   [flare-operator] grace period: 17 cycles remaining
#   [TopologyAudit] node=breaker-nodes-3.breaker-nodes.flare-breaker.svc.cluster.local:12121 uid=(some a96f4acd-245a-4e90-923e-9aa349f3aa69) desired=4294967313 reported=(some 4294967313) verdict=current
#   [DEBUG] handleRocksdbConfig: hasAny=false walTtl=none walSize=none sync=none
#   [flare-operator] reconcile slow: 1717ms (nodes=4 M=2 S=2 D=0 P=0)
#   [flare-operator] grace period: 16 cycles remaining
#   [TopologyAudit] node=breaker-nodes-2.breaker-nodes.flare-breaker.svc.cluster.local:12121 uid=(some 04e10844-962c-4443-bee1-590b696ef443) desired=4294967313 reported=(some 4294967313) verdict=current
#   [DEBUG] handleRocksdbConfig: hasAny=false walTtl=none walSize=none sync=none
#   [flare-operator] reconcile slow: 1709ms (nodes=4 M=2 S=2 D=0 P=0)
#   [flare-operator] grace period: 15 cycles remaining
#   [TopologyAudit] node=breaker-nodes-1.breaker-nodes.flare-breaker.svc.cluster.local:12121 uid=(some 4c597c9a-7a0b-4a39-b22b-b9b28359a934) desired=4294967313 reported=(some 4294967313) verdict=current
#   [DEBUG] handleRocksdbConfig: hasAny=false walTtl=none walSize=none sync=none
#   [flare-operator] reconcile slow: 1998ms (nodes=4 M=2 S=2 D=0 P=0)
#   [flare-operator] grace period: 14 cycles remaining
#   [TopologyAudit] node=breaker-nodes-0.breaker-nodes.flare-breaker.svc.cluster.local:12121 uid=(some cb5170ff-5135-4aa4-8268-439c76353017) desired=4294967313 reported=(some 4294967313) verdict=current
#   [DEBUG] handleRocksdbConfig: hasAny=false walTtl=none walSize=none sync=none
#   [flare-operator] reconcile slow: 1618ms (nodes=4 M=2 S=2 D=0 P=0)
#   [flare-operator] grace period: 13 cycles remaining
#   [TopologyAudit] node=breaker-nodes-3.breaker-nodes.flare-breaker.svc.cluster.local:12121 uid=(some a96f4acd-245a-4e90-923e-9aa349f3aa69) desired=4294967313 reported=(some 4294967313) verdict=current
#   [DEBUG] handleRocksdbConfig: hasAny=false walTtl=none walSize=none sync=none
#   [flare-operator] reconcile slow: 1682ms (nodes=4 M=2 S=2 D=0 P=0)
#   [flare-operator] grace period: 12 cycles remaining
#   [TopologyAudit] node=breaker-nodes-2.breaker-nodes.flare-breaker.svc.cluster.local:12121 uid=(some 04e10844-962c-4443-bee1-590b696ef443) desired=4294967313 reported=(some 4294967313) verdict=current
#   [DEBUG] handleRocksdbConfig: hasAny=false walTtl=none walSize=none sync=none
#   [flare-operator] reconcile slow: 1690ms (nodes=4 M=2 S=2 D=0 P=0)
#   [flare-operator] grace period: 11 cycles remaining
#   [TopologyAudit] node=breaker-nodes-1.breaker-nodes.flare-breaker.svc.cluster.local:12121 uid=(some 4c597c9a-7a0b-4a39-b22b-b9b28359a934) desired=4294967313 reported=(some 4294967313) verdict=current
#   [DEBUG] handleRocksdbConfig: hasAny=false walTtl=none walSize=none sync=none
#   [flare-operator] reconcile slow: 2006ms (nodes=4 M=2 S=2 D=0 P=0)
#   
# Waiting for: grace countdown finished (timeout: 120s)
#   OK after 0s
# Waiting for: breaker tripped in operator log (timeout: 480s)
#   OK after 5s
# Waiting for: cluster recovered after scale-up (timeout: 480s)
#   OK after 20s
# Cleaning up cluster 'breaker'
# === Suite: operator-restart ===
# Cleaning up cluster 'op-restart'
# Deploying cluster 'op-restart' in namespace 'flare-op-restart'
# Waiting for: namespace flare-op-restart not Terminating (timeout: 30s)
#   OK after 0s
# Waiting for: default ServiceAccount in flare-op-restart (timeout: 120s)
#   OK after 0s
# Waiting for: FlareCluster CRD established (timeout: 60s)
#   OK after 0s
# Waiting for: ClusterRole flare-operator present (timeout: 60s)
#   OK after 0s
# Waiting for operator deployment to be ready...
# Operator ready, waiting 10s for first reconcile cycle...
# ConfigMap op-restart-config confirmed present before StatefulSet deploy
# Deploying StatefulSet...
# Waiting for StatefulSet op-restart-nodes to be ready...
# Waiting for: all 4 pods ready (timeout: 180s)
#   OK after 0s
# Waiting for: 4 nodes registered (timeout: 300s)
#   OK after 0s
# Waiting 50s grace period for operator reconciliation...
# Checking operator activity...
# --- Operator logs (flare-operator) ---
#   [DEBUG] Sending response: NODE op-restart-nodes-3.op-restart-nodes.flare-op-restart.svc.cluster.local 12121 1 0 1 0 19 | NODE op-restart-nodes-2.op-restart-nodes.flare-op-restart.svc.cluster.local 12121 1 0 0 0 18 | NODE op-restart-nodes-1.op-restart-nodes.flare-op-restart.svc.cluster.local 12121 0 0 1 100 17 | NODE op-restart-nodes-0.op-restart-nodes.flare-op-restart.svc.cluster.local 12121 0 0 0 100 16 | END | 
#   [flare-operator] continuous-replication probe: 1 stats read(s) in 139ms (tick 8; in-mode remembered: 0, out-of-mode remembered: 1)
#   [flare-operator] grace period: 15 cycles remaining
#   [TopologyAudit] node=op-restart-nodes-1.op-restart-nodes.flare-op-restart.svc.cluster.local:12121 uid=(some def4cec0-6e6a-4814-9526-a46343aeac9a) desired=4294967318 reported=(some 4294967318) verdict=current
#   [DEBUG] handleRocksdbConfig: hasAny=false walTtl=none walSize=none sync=none
#   [flare-operator] reconcile slow: 2138ms (nodes=4 M=2 S=2 D=0 P=0)
#   [flare-operator] grace period: 14 cycles remaining
#   [TopologyAudit] node=op-restart-nodes-0.op-restart-nodes.flare-op-restart.svc.cluster.local:12121 uid=(some 0e0969fe-940b-41a4-9f2d-2ef0800a1fc3) desired=4294967318 reported=(some 4294967318) verdict=current
#   [DEBUG] handleRocksdbConfig: hasAny=false walTtl=none walSize=none sync=none
#   [flare-operator] reconcile slow: 1667ms (nodes=4 M=2 S=2 D=0 P=0)
#   [flare-operator] grace period: 13 cycles remaining
#   [TopologyAudit] node=op-restart-nodes-3.op-restart-nodes.flare-op-restart.svc.cluster.local:12121 uid=(some 881e1563-5fee-4dfb-9802-669291331af3) desired=4294967318 reported=(some 4294967318) verdict=current
#   [DEBUG] handleRocksdbConfig: hasAny=false walTtl=none walSize=none sync=none
#   [flare-operator] reconcile slow: 1693ms (nodes=4 M=2 S=2 D=0 P=0)
#   [flare-operator] grace period: 12 cycles remaining
#   [TopologyAudit] node=op-restart-nodes-2.op-restart-nodes.flare-op-restart.svc.cluster.local:12121 uid=(some c0432644-fcc0-4e85-ade0-711272993bd7) desired=4294967318 reported=(some 4294967318) verdict=current
#   [DEBUG] handleRocksdbConfig: hasAny=false walTtl=none walSize=none sync=none
#   [flare-operator] reconcile slow: 1613ms (nodes=4 M=2 S=2 D=0 P=0)
#   [flare-operator] grace period: 11 cycles remaining
#   [TopologyAudit] node=op-restart-nodes-1.op-restart-nodes.flare-op-restart.svc.cluster.local:12121 uid=(some def4cec0-6e6a-4814-9526-a46343aeac9a) desired=4294967318 reported=(some 4294967318) verdict=current
#   [DEBUG] handleRocksdbConfig: hasAny=false walTtl=none walSize=none sync=none
#   [flare-operator] reconcile slow: 1967ms (nodes=4 M=2 S=2 D=0 P=0)
#   [flare-operator] grace period: 10 cycles remaining
#   [TopologyAudit] node=op-restart-nodes-0.op-restart-nodes.flare-op-restart.svc.cluster.local:12121 uid=(some 0e0969fe-940b-41a4-9f2d-2ef0800a1fc3) desired=4294967318 reported=(some 4294967318) verdict=current
#   [DEBUG] handleRocksdbConfig: hasAny=false walTtl=none walSize=none sync=none
#   [flare-operator] reconcile slow: 1639ms (nodes=4 M=2 S=2 D=0 P=0)
#   [flare-operator] grace period: 9 cycles remaining
#   [TopologyAudit] node=op-restart-nodes-3.op-restart-nodes.flare-op-restart.svc.cluster.local:12121 uid=(some 881e1563-5fee-4dfb-9802-669291331af3) desired=4294967318 reported=(some 4294967318) verdict=current
#   [DEBUG] handleRocksdbConfig: hasAny=false walTtl=none walSize=none sync=none
#   [flare-operator] reconcile slow: 1626ms (nodes=4 M=2 S=2 D=0 P=0)
#   
# masters before restart: [op-restart-nodes-0.op-restart-nodes.flare-op-restart.svc.cluster.local:0:0, op-restart-nodes-1.op-restart-nodes.flare-op-restart.svc.cluster.local:0:1]
# Waiting for: operator back and serving node sync (timeout: 120s)
#   OK after 15s
# masters after restart: [op-restart-nodes-0.op-restart-nodes.flare-op-restart.svc.cluster.local:0:0, op-restart-nodes-1.op-restart-nodes.flare-op-restart.svc.cluster.local:0:1] / [op-restart-nodes-0.op-restart-nodes.flare-op-restart.svc.cluster.local:0:0, op-restart-nodes-1.op-restart-nodes.flare-op-restart.svc.cluster.local:0:1]
# Waiting for: P0 master available after kill (timeout: 180s)
#   OK after 10s
# Cleaning up cluster 'op-restart'
# === Suite: topology-authority ===
# Cleaning up cluster 'topo-auth'
# Deploying cluster 'topo-auth' in namespace 'flare-topo-auth'
# Waiting for: namespace flare-topo-auth not Terminating (timeout: 30s)
#   OK after 0s
# Waiting for: default ServiceAccount in flare-topo-auth (timeout: 120s)
#   OK after 0s
# Waiting for: FlareCluster CRD established (timeout: 60s)
#   OK after 0s
# Waiting for: ClusterRole flare-operator present (timeout: 60s)
#   OK after 0s
# Waiting for operator deployment to be ready...
# Operator ready, waiting 10s for first reconcile cycle...
# ConfigMap topo-auth-config confirmed present before StatefulSet deploy
# Deploying StatefulSet...
# Waiting for StatefulSet topo-auth-nodes to be ready...
# Waiting for: all 2 pods ready (timeout: 180s)
#   OK after 0s
# Waiting for: 2 nodes registered (timeout: 300s)
#   OK after 0s
# Waiting 50s grace period for operator reconciliation...
# Checking operator activity...
# --- Operator logs (flare-operator) ---
#   [flare-operator] retrying an unconfirmed topology send (pending v4294967304; publishing v4294967304)
#   [flare-operator] broadcast trigger: versionMoved=false pending=v4294967304 repairHeld=0 activeNotReady=0
#   [flare-operator] topology changed (v4294967304 → v4294967304), broadcasting
#   [TopologyBroadcast] Broadcasting node sync v4294967304 (2 nodes) to 2 pods
#   [TcpClient] node sync v4294967304 to 10.244.0.26:12121: reply-confirmed=true
#   [TcpClient] node sync v4294967304 to 10.244.0.27:12121: reply-confirmed=true
#   [TopologyBroadcast] Broadcast attempt complete (v4294967304); all targets reply-confirmed=true
#   [DEBUG] handleRocksdbConfig: hasAny=false walTtl=none walSize=none sync=none
#   [flare-operator] reconcile slow: 2363ms (nodes=2 M=1 S=1 D=0 P=0)
#   [flare-operator] grace period: 18 cycles remaining
#   [TopologyAudit] node=topo-auth-nodes-0.topo-auth-nodes.flare-topo-auth.svc.cluster.local:12121 uid=(some 1a58e80b-4cbe-41e6-9289-e4b85a1c41b7) desired=4294967304 reported=(some 4294967304) verdict=current
#   [DEBUG] handleRocksdbConfig: hasAny=false walTtl=none walSize=none sync=none
#   [flare-operator] reconcile slow: 1521ms (nodes=2 M=1 S=1 D=0 P=0)
#   [flare-operator] grace period: 17 cycles remaining
#   [TopologyAudit] node=topo-auth-nodes-1.topo-auth-nodes.flare-topo-auth.svc.cluster.local:12121 uid=(some 9de19637-c1a0-4ecd-b7de-576fe0f00faf) desired=4294967304 reported=(some 4294967304) verdict=current
#   [DEBUG] handleRocksdbConfig: hasAny=false walTtl=none walSize=none sync=none
#   [flare-operator] reconcile slow: 1700ms (nodes=2 M=1 S=1 D=0 P=0)
#   [flare-operator] grace period: 16 cycles remaining
#   [TopologyAudit] node=topo-auth-nodes-0.topo-auth-nodes.flare-topo-auth.svc.cluster.local:12121 uid=(some 1a58e80b-4cbe-41e6-9289-e4b85a1c41b7) desired=4294967304 reported=(some 4294967304) verdict=current
#   [DEBUG] handleRocksdbConfig: hasAny=false walTtl=none walSize=none sync=none
#   [flare-operator] reconcile slow: 1601ms (nodes=2 M=1 S=1 D=0 P=0)
#   [flare-operator] grace period: 15 cycles remaining
#   [TopologyAudit] node=topo-auth-nodes-1.topo-auth-nodes.flare-topo-auth.svc.cluster.local:12121 uid=(some 9de19637-c1a0-4ecd-b7de-576fe0f00faf) desired=4294967304 reported=(some 4294967304) verdict=current
#   [DEBUG] handleRocksdbConfig: hasAny=false walTtl=none walSize=none sync=none
#   [flare-operator] reconcile slow: 1513ms (nodes=2 M=1 S=1 D=0 P=0)
#   [flare-operator] grace period: 14 cycles remaining
#   [TopologyAudit] node=topo-auth-nodes-0.topo-auth-nodes.flare-topo-auth.svc.cluster.local:12121 uid=(some 1a58e80b-4cbe-41e6-9289-e4b85a1c41b7) desired=4294967304 reported=(some 4294967304) verdict=current
#   [DEBUG] handleRocksdbConfig: hasAny=false walTtl=none walSize=none sync=none
#   [flare-operator] reconcile slow: 1558ms (nodes=2 M=1 S=1 D=0 P=0)
#   [flare-operator] grace period: 13 cycles remaining
#   
# pushing a mutated map to topo-auth-nodes-0 at stale version 4294967303 (its current version is 4294967304)
# pass held at the pre-send point with version 4294967305
# pass held at the pre-send point with version 4294967306; taking the lease away now
# Waiting for: operator container restarted after losing the lease (timeout: 180s)
#   OK after 10s
# lease deleted to restore authority: lease.coordination.k8s.io "topo-auth-operator-lease" deleted from flare-topo-auth namespace
# Waiting for: restarted operator acquired the lease (timeout: 120s)
#   OK after 5s
# Waiting for: topology re-applied after leadership is restored (timeout: 240s)
#   OK after 5s
# pass held at the pre-send point with version 4294967308; deleting the lease so the read fails
# read-failure pass suppressed v4294967308; survivor version 4294967307 -> (some 4294967308) (any movement is post-restart recovery, not the suppressed pass)
# Waiting for: the withheld topology is retried by the same process (timeout: 180s)
#   OK after 0s
# Waiting for: topology re-applied after the lease is recreated (timeout: 240s)
#   OK after 0s
# Waiting for: topology applied before the startup-republish test (timeout: 240s)
#   OK after 0s
# before: [(topo-auth-nodes-0, ((some 4294967308), (some 80))), (topo-auth-nodes-1, ((some 4294967308), (some 80)))]
# pass held at the pre-send point with version 4294967309; replacing the operator (rollout with FLARE_TEST_TOPOLOGY_AUDIT_OFF=1) while it is held
# node-map ConfigMap resourceVersion at hold: 3206
#   reason: precondition: operator was not replaced (rollout complete=true, pods before [flare-operator-768fdbb4cb-vdcb7], after [flare-operator-768fdbb4cb-vdcb7, flare-operator-76c4d9c66f-f5j99])
# --- diagnostics for failing suite 'topology-authority' ---
# === operator logs (flare-topo-auth, app=flare-operator) ===
# [pod/flare-operator-768fdbb4cb-vdcb7/flare-operator] [flare-operator] starting (namespace=flare-topo-auth, port=12120, interval=5s, identity=flare-operator-768fdbb4cb-vdcb7)
# [pod/flare-operator-768fdbb4cb-vdcb7/flare-operator] [flare-operator] managing FlareCluster 'topo-auth' (from --cluster-name)
# [pod/flare-operator-768fdbb4cb-vdcb7/flare-operator] [flare-operator] health check server started on port 8080 (leader=false)
# [pod/flare-operator-768fdbb4cb-vdcb7/flare-operator] [HealthCheck] Starting health check server on 0.0.0.0:8080
# [pod/flare-operator-768fdbb4cb-vdcb7/flare-operator] [HealthCheck] Listening on port 8080
# [pod/flare-operator-768fdbb4cb-vdcb7/flare-operator] [HealthCheck] Endpoints: /healthz (liveness), /readyz (readiness)
# [pod/flare-operator-768fdbb4cb-vdcb7/flare-operator] [flare-operator] phase 1: attempting to acquire lease 'topo-auth-operator-lease'
# [pod/flare-operator-768fdbb4cb-vdcb7/flare-operator] [flare-operator] phase 2: acquired lease, entering leader mode
# [pod/flare-operator-768fdbb4cb-vdcb7/flare-operator] [flare-operator] health status: leader=true
# [pod/flare-operator-768fdbb4cb-vdcb7/flare-operator] [flare-operator] metrics initialized
# [pod/flare-operator-768fdbb4cb-vdcb7/flare-operator] [flare-operator] metrics server started on port 9090
# [pod/flare-operator-768fdbb4cb-vdcb7/flare-operator] [MetricsServer] Starting HTTP server on 0.0.0.0:9090
# [pod/flare-operator-768fdbb4cb-vdcb7/flare-operator] [MetricsServer] Listening on port 9090
# [pod/flare-operator-768fdbb4cb-vdcb7/flare-operator] [flare-operator] loaded 2 nodes from ConfigMap (resuming at broadcast version 4294967306)
# [pod/flare-operator-768fdbb4cb-vdcb7/flare-operator] [flare-operator] leadership generation 1 — broadcast versions fenced at ≥ 4294967306
# [pod/flare-operator-768fdbb4cb-vdcb7/flare-operator] [flare-operator] fetched CRD: partitions=1, replicas=2
# [pod/flare-operator-768fdbb4cb-vdcb7/flare-operator] [flare-operator] replica repair ledger: nothing in status, starting fresh (first observation will record baselines only)
# [pod/flare-operator-768fdbb4cb-vdcb7/flare-operator] [flare-operator] TCP server marked ready for health checks
# [pod/flare-operator-768fdbb4cb-vdcb7/flare-operator] [flare-operator] TCP server listening on port 12120
# [pod/flare-operator-768fdbb4cb-vdcb7/flare-operator] [flare-operator] continuous-replication probe: 1 stats read(s) in 137ms (tick 0; in-mode remembered: 0, out-of-mode remembered: 0)
# [pod/flare-operator-768fdbb4cb-vdcb7/flare-operator] [flare-operator] grace period: 23 cycles remaining
# [pod/flare-operator-768fdbb4cb-vdcb7/flare-operator] [TopologyAudit] node=topo-auth-nodes-1.topo-auth-nodes.flare-topo-auth.svc.cluster.local:12121 uid=(some 9de19637-c1a0-4ecd-b7de-576fe0f00faf) desired=4294967307 reported=(some 4294967305) verdict=behind
# [pod/flare-operator-768fdbb4cb-vdcb7/flare-operator] [flare-operator] retrying an unconfirmed topology send (pending v4294967306; publishing v4294967307)
# [pod/flare-operator-768fdbb4cb-vdcb7/flare-operator] [flare-operator] broadcast trigger: versionMoved=true pending=v4294967306 repairHeld=0 activeNotReady=0
# [pod/flare-operator-768fdbb4cb-vdcb7/flare-operator] [flare-operator] topology changed (v4294967306 → v4294967307), broadcasting
# [pod/flare-operator-768fdbb4cb-vdcb7/flare-operator] [TopologyBroadcast] Broadcasting node sync v4294967307 (2 nodes) to 2 pods
# [pod/flare-operator-768fdbb4cb-vdcb7/flare-operator] [TcpClient] node sync v4294967307 to 10.244.0.26:12121: reply-confirmed=true
# [pod/flare-operator-768fdbb4cb-vdcb7/flare-operator] [TcpClient] node sync v4294967307 to 10.244.0.27:12121: reply-confirmed=true
# [pod/flare-operator-768fdbb4cb-vdcb7/flare-operator] [TopologyBroadcast] Broadcast attempt complete (v4294967307); all targets reply-confirmed=true
# [pod/flare-operator-768fdbb4cb-vdcb7/flare-operator] [flare-operator] replica repair ledger initialized from topo-auth-nodes-0.topo-auth-nodes.flare-topo-auth.svc.cluster.local:12121: 0 destination counter(s) recorded as baseline, none attributed
# [pod/flare-operator-768fdbb4cb-vdcb7/flare-operator] [DEBUG] handleRocksdbConfig: hasAny=false walTtl=none walSize=none sync=none
# [pod/flare-operator-768fdbb4cb-vdcb7/flare-operator] [flare-operator] reconcile slow: 2920ms (nodes=2 M=1 S=1 D=0 P=0)
# [pod/flare-operator-768fdbb4cb-vdcb7/flare-operator] [DEBUG] Received command: node sync
# [pod/flare-operator-768fdbb4cb-vdcb7/flare-operator] [DEBUG] Parsed to: FlareOperator.Flare.FlareEvent.NodeSync none
# [pod/flare-operator-768fdbb4cb-vdcb7/flare-operator] [DEBUG] Sending response: NODE topo-auth-nodes-1.topo-auth-nodes.flare-topo-auth.svc.cluster.local 12121 1 0 0 60 17 | NODE topo-auth-nodes-0.topo-auth-nodes.flare-topo-auth.svc.cluster.local 12121 0 0 0 100 16 | END | 
# [pod/flare-operator-768fdbb4cb-vdcb7/flare-operator] [flare-operator] grace period: 22 cycles remaining
# [pod/flare-operator-768fdbb4cb-vdcb7/flare-operator] [TopologyAudit] node=topo-auth-nodes-0.topo-auth-nodes.flare-topo-auth.svc.cluster.local:12121 uid=(some 1a58e80b-4cbe-41e6-9289-e4b85a1c41b7) desired=4294967308 reported=(some 4294967307) verdict=behind
# [pod/flare-operator-768fdbb4cb-vdcb7/flare-operator] [flare-operator] TEST BARRIER: holding before the pre-send lease check (v4294967308)
# [pod/flare-operator-768fdbb4cb-vdcb7/flare-operator] [flare-operator] TEST BARRIER: released (v4294967308)
# [pod/flare-operator-768fdbb4cb-vdcb7/flare-operator] [flare-operator] lease fence: getLease failed (getLease failed (exit 1): Error from server (NotFound): leases.coordination.k8s.io "topo-auth-operator-lease" not found
# [pod/flare-operator-768fdbb4cb-vdcb7/flare-operator] ); skipping broadcast this tick
# [pod/flare-operator-768fdbb4cb-vdcb7/flare-operator] [flare-operator] LEASE FENCE: not the lease holder anymore — suppressing topology broadcast (v4294967307 → v4294967308); held for retry once authority returns
# [pod/flare-operator-768fdbb4cb-vdcb7/flare-operator] [DEBUG] handleRocksdbConfig: hasAny=false walTtl=none walSize=none sync=none
# [pod/flare-operator-768fdbb4cb-vdcb7/flare-operator] [flare-operator] reconcile slow: 2336ms (nodes=2 M=1 S=1 D=0 P=0)
# [pod/flare-operator-768fdbb4cb-vdcb7/flare-operator] [flare-operator] grace period: 21 cycles remaining
# [pod/flare-operator-768fdbb4cb-vdcb7/flare-operator] [TopologyAudit] node=topo-auth-nodes-1.topo-auth-nodes.flare-topo-auth.svc.cluster.local:12121 uid=(some 9de19637-c1a0-4ecd-b7de-576fe0f00faf) desired=4294967308 reported=(some 4294967307) verdict=behind
# [pod/flare-operator-768fdbb4cb-vdcb7/flare-operator] [flare-operator] retrying an unconfirmed topology send (pending v4294967308; publishing v4294967308)
# [pod/flare-operator-768fdbb4cb-vdcb7/flare-operator] [flare-operator] broadcast trigger: versionMoved=false pending=v4294967308 repairHeld=0 activeNotReady=0
# [pod/flare-operator-768fdbb4cb-vdcb7/flare-operator] [flare-operator] topology changed (v4294967308 → v4294967308), broadcasting
# [pod/flare-operator-768fdbb4cb-vdcb7/flare-operator] [TopologyBroadcast] Broadcasting node sync v4294967308 (2 nodes) to 2 pods
# [pod/flare-operator-768fdbb4cb-vdcb7/flare-operator] [TcpClient] node sync v4294967308 to 10.244.0.27:12121: reply-confirmed=true
# [pod/flare-operator-768fdbb4cb-vdcb7/flare-operator] [TcpClient] node sync v4294967308 to 10.244.0.26:12121: reply-confirmed=true
# [pod/flare-operator-768fdbb4cb-vdcb7/flare-operator] [TopologyBroadcast] Broadcast attempt complete (v4294967308); all targets reply-confirmed=true
# [pod/flare-operator-768fdbb4cb-vdcb7/flare-operator] [DEBUG] handleRocksdbConfig: hasAny=false walTtl=none walSize=none sync=none
# [pod/flare-operator-768fdbb4cb-vdcb7/flare-operator] [flare-operator] reconcile slow: 2115ms (nodes=2 M=1 S=1 D=0 P=0)
# [pod/flare-operator-768fdbb4cb-vdcb7/flare-operator] [DEBUG] Received command: node sync
# [pod/flare-operator-768fdbb4cb-vdcb7/flare-operator] [DEBUG] Parsed to: FlareOperator.Flare.FlareEvent.NodeSync none
# [pod/flare-operator-768fdbb4cb-vdcb7/flare-operator] [DEBUG] Sending response: NODE topo-auth-nodes-1.topo-auth-nodes.flare-topo-auth.svc.cluster.local 12121 1 0 0 80 17 | NODE topo-auth-nodes-0.topo-auth-nodes.flare-topo-auth.svc.cluster.local 12121 0 0 0 100 16 | END | 
# [pod/flare-operator-768fdbb4cb-vdcb7/flare-operator] [DEBUG] Received command: node sync
# [pod/flare-operator-768fdbb4cb-vdcb7/flare-operator] [DEBUG] Parsed to: FlareOperator.Flare.FlareEvent.NodeSync none
# [pod/flare-operator-768fdbb4cb-vdcb7/flare-operator] [DEBUG] Sending response: NODE topo-auth-nodes-1.topo-auth-nodes.flare-topo-auth.svc.cluster.local 12121 1 0 0 80 17 | NODE topo-auth-nodes-0.topo-auth-nodes.flare-topo-auth.svc.cluster.local 12121 0 0 0 100 16 | END | 
# [pod/flare-operator-768fdbb4cb-vdcb7/flare-operator] [flare-operator] grace period: 20 cycles remaining
# [pod/flare-operator-768fdbb4cb-vdcb7/flare-operator] [TopologyAudit] node=topo-auth-nodes-0.topo-auth-nodes.flare-topo-auth.svc.cluster.local:12121 uid=(some 1a58e80b-4cbe-41e6-9289-e4b85a1c41b7) desired=4294967309 reported=(some 4294967308) verdict=behind
# [pod/flare-operator-768fdbb4cb-vdcb7/flare-operator] [flare-operator] TEST BARRIER: holding before the pre-send lease check (v4294967309)
# [pod/flare-operator-76c4d9c66f-f5j99/flare-operator] [flare-operator] starting (namespace=flare-topo-auth, port=12120, interval=5s, identity=flare-operator-76c4d9c66f-f5j99)
# [pod/flare-operator-76c4d9c66f-f5j99/flare-operator] [flare-operator] managing FlareCluster 'topo-auth' (from --cluster-name)
# [pod/flare-operator-76c4d9c66f-f5j99/flare-operator] [flare-operator] health check server started on port 8080 (leader=false)
# [pod/flare-operator-76c4d9c66f-f5j99/flare-operator] [HealthCheck] Starting health check server on 0.0.0.0:8080
# [pod/flare-operator-76c4d9c66f-f5j99/flare-operator] [HealthCheck] Listening on port 8080
# [pod/flare-operator-76c4d9c66f-f5j99/flare-operator] [HealthCheck] Endpoints: /healthz (liveness), /readyz (readiness)
# [pod/flare-operator-76c4d9c66f-f5j99/flare-operator] [flare-operator] phase 1: attempting to acquire lease 'topo-auth-operator-lease'
# 
# === flared logs (flare-topo-auth, tail 80 each) ===
# [pod/topo-auth-nodes-0/flared] [139625610873728][NTC][flared.cc:183-startup]   server_socket:          
# [pod/topo-auth-nodes-0/flared] [139625610873728][NTC][flared.cc:183-startup]   stack_size:             128
# [pod/topo-auth-nodes-0/flared] [139625610873728][NTC][flared.cc:183-startup]   storage_ap:             4
# [pod/topo-auth-nodes-0/flared] [139625610873728][NTC][flared.cc:183-startup]   storage_bucket_size:    131071
# [pod/topo-auth-nodes-0/flared] [139625610873728][NTC][flared.cc:183-startup]   storage_cache_size:     65536
# [pod/topo-auth-nodes-0/flared] [139625610873728][NTC][flared.cc:183-startup]   storage_compress:       
# [pod/topo-auth-nodes-0/flared] [139625610873728][NTC][flared.cc:183-startup]   storage_large:          false
# [pod/topo-auth-nodes-0/flared] [139625610873728][NTC][flared.cc:183-startup]   storage_lmemb:          128
# [pod/topo-auth-nodes-0/flared] [139625610873728][NTC][flared.cc:183-startup]   storage_nmemb:          256
# [pod/topo-auth-nodes-0/flared] [139625610873728][NTC][flared.cc:183-startup]   storage_dfunit:         0
# [pod/topo-auth-nodes-0/flared] [139625610873728][NTC][flared.cc:183-startup]   storage_type:           tch
# [pod/topo-auth-nodes-0/flared] [139625610873728][NTC][flared.cc:183-startup]   thread_pool_size:       5
# [pod/topo-auth-nodes-0/flared] [139625610873728][NTC][flared.cc:183-startup]   proxy_prior_netmask:    0
# [pod/topo-auth-nodes-0/flared] [139625610873728][NTC][flared.cc:183-startup]   max_total_thread_queue: 0
# [pod/topo-auth-nodes-0/flared] [139625610873728][NTC][flared.cc:183-startup]   time_watcher_enabled:   false
# [pod/topo-auth-nodes-0/flared] [139625610873728][NTC][flared.cc:183-startup]   time_watcher_polling_interval_msec: 0
# [pod/topo-auth-nodes-0/flared] [139625610873728][NTC][flared.cc:183-startup]   storage_access_watch_threshold_warn_msec: 0
# [pod/topo-auth-nodes-0/flared] [139625610873728][NTC][flared.cc:183-startup]   storage_access_watch_threshold_ping_ng_msec: 0
# [pod/topo-auth-nodes-0/flared] [139625610873728][NTC][flared.cc:183-startup]   cluster_replication:    0
# [pod/topo-auth-nodes-0/flared] [139625610873728][NTC][flared.cc:183-startup]   cluster_replication_server_name: 
# [pod/topo-auth-nodes-0/flared] [139625610873728][NTC][flared.cc:183-startup]   cluster_replication_server_port: 12121
# [pod/topo-auth-nodes-0/flared] [139625610873728][NTC][flared.cc:183-startup]   cluster_replication_concurrency: 2
# [pod/topo-auth-nodes-0/flared] [139625610873728][NTC][flared.cc:183-startup]   cluster_replication_mode: duplicate
# [pod/topo-auth-nodes-0/flared] [139625610873728][NTC][cluster.cc:279-startup_node] setting up cluster node... (type=1, index_server_name=flare-operator.flare-topo-auth.svc.cluster.local, index_server_port=12120)
# [pod/topo-auth-nodes-0/flared] [139625610873728][NTC][cluster.cc:310-startup_node] meta data from index server:
# [pod/topo-auth-nodes-0/flared] [139625610873728][NTC][cluster.cc:311-startup_node]   partition_size:                 1024
# [pod/topo-auth-nodes-0/flared] [139625610873728][NTC][cluster.cc:312-startup_node]   key_hash_algorithm:             jenkins
# [pod/topo-auth-nodes-0/flared] [139625610873728][NTC][cluster.cc:313-startup_node]   key_resolver_type:              modular
# [pod/topo-auth-nodes-0/flared] [139625610873728][NTC][cluster.cc:314-startup_node]   key_resolver_modular_hint:      1
# [pod/topo-auth-nodes-0/flared] [139625610873728][NTC][cluster.cc:315-startup_node]   key_resolver_modular_virtual:   4096
# [pod/topo-auth-nodes-0/flared] [139625610873728][NTC][cluster.cc:1123-reconstruct_node] reconstructing node map... (1 entries)
# [pod/topo-auth-nodes-0/flared] [139625610873728][NTC][cluster.cc:1148-reconstruct_node] boot map already assigns my role (role=master, partition=0) — deferring role shift until storage is attached
# [pod/topo-auth-nodes-0/flared] [139625610873728][NTC][cluster.cc:2286-_reconstruct_node_partition] reconstructing node partition map... (from 1 entries in node map)
# [pod/topo-auth-nodes-0/flared] [139625610873728][NTC][cluster.cc:2419-_reconstruct_node_partition] node partition map:
# [pod/topo-auth-nodes-0/flared] [139625610873728][NTC][cluster.cc:2424-_reconstruct_node_partition] 0: master (node_key=topo-auth-nodes-0.topo-auth-nodes.flare-topo-auth.svc.cluster.local:12121, node_balance=100)
# [pod/topo-auth-nodes-0/flared] [139625610873728][NTC][cluster.cc:2438-_reconstruct_node_partition] node partition map (prepare):
# [pod/topo-auth-nodes-0/flared] [139625610873728][NTC][cluster.cc:1803-_shift_node_role] shifting node_role (node_key=topo-auth-nodes-0.topo-auth-nodes.flare-topo-auth.svc.cluster.local:12121, old_role=proxy, old_partition=-1, new_role=master, new_partition=0)
# [pod/topo-auth-nodes-0/flared] [139625610873728][NTC][cluster.cc:1894-_shift_node_role] assigned master with state active — skipping reconstruction (operator designated this node the source of truth; local data is authoritative)
# [pod/topo-auth-nodes-0/flared] [139625610873728][NTC][flared.cc:428-run] entering running loop
# [pod/topo-auth-nodes-0/flared] [139625543345856][NTC][handler_metrics.cc:69-run] metrics endpoint ready (port=9150, self-scrape port=12121)
# [pod/topo-auth-nodes-0/flared] [139625543210688][NTC][cluster.cc:1123-reconstruct_node] reconstructing node map... (1 entries)
# [pod/topo-auth-nodes-0/flared] [139625543210688][NTC][cluster.cc:2286-_reconstruct_node_partition] reconstructing node partition map... (from 1 entries in node map)
# [pod/topo-auth-nodes-0/flared] [139625543210688][NTC][cluster.cc:2419-_reconstruct_node_partition] node partition map:
# [pod/topo-auth-nodes-0/flared] [139625543210688][NTC][cluster.cc:2424-_reconstruct_node_partition] 0: master (node_key=topo-auth-nodes-0.topo-auth-nodes.flare-topo-auth.svc.cluster.local:12121, node_balance=100)
# [pod/topo-auth-nodes-0/flared] [139625543210688][NTC][cluster.cc:2438-_reconstruct_node_partition] node partition map (prepare):
# [pod/topo-auth-nodes-0/flared] [139625543210688][NTC][cluster.cc:1123-reconstruct_node] reconstructing node map... (2 entries)
# [pod/topo-auth-nodes-0/flared] [139625543210688][NTC][cluster.cc:2286-_reconstruct_node_partition] reconstructing node partition map... (from 2 entries in node map)
# [pod/topo-auth-nodes-0/flared] [139625543210688][NTC][cluster.cc:2419-_reconstruct_node_partition] node partition map:
# [pod/topo-auth-nodes-0/flared] [139625543210688][NTC][cluster.cc:2424-_reconstruct_node_partition] 0: master (node_key=topo-auth-nodes-0.topo-auth-nodes.flare-topo-auth.svc.cluster.local:12121, node_balance=100)
# [pod/topo-auth-nodes-0/flared] [139625543210688][NTC][cluster.cc:2428-_reconstruct_node_partition] 0: slave[0] (node_key=topo-auth-nodes-1.topo-auth-nodes.flare-topo-auth.svc.cluster.local:12121, node_balance=0)
# [pod/topo-auth-nodes-0/flared] [139625543210688][NTC][cluster.cc:2438-_reconstruct_node_partition] node partition map (prepare):
# [pod/topo-auth-nodes-0/flared] [139625543210688][NTC][cluster.cc:1123-reconstruct_node] reconstructing node map... (2 entries)
# [pod/topo-auth-nodes-0/flared] [139625543210688][NTC][cluster.cc:2286-_reconstruct_node_partition] reconstructing node partition map... (from 2 entries in node map)
# [pod/topo-auth-nodes-0/flared] [139625543210688][NTC][cluster.cc:2419-_reconstruct_node_partition] node partition map:
# [pod/topo-auth-nodes-0/flared] [139625543210688][NTC][cluster.cc:2424-_reconstruct_node_partition] 0: master (node_key=topo-auth-nodes-0.topo-auth-nodes.flare-topo-auth.svc.cluster.local:12121, node_balance=100)
# [pod/topo-auth-nodes-0/flared] [139625543210688][NTC][cluster.cc:2428-_reconstruct_node_partition] 0: slave[0] (node_key=topo-auth-nodes-1.topo-auth-nodes.flare-topo-auth.svc.cluster.local:12121, node_balance=0)
# [pod/topo-auth-nodes-0/flared] [139625543210688][NTC][cluster.cc:2438-_reconstruct_node_partition] node partition map (prepare):
# [pod/topo-auth-nodes-0/flared] [139625543210688][NTC][cluster.cc:1786-_shift_node_state] shifting node_state (node_key=topo-auth-nodes-1.topo-auth-nodes.flare-topo-auth.svc.cluster.local:12121, old_state=prepare, new_state=active)
# [pod/topo-auth-nodes-0/flared] [139625543210688][NTC][cluster.cc:1117-reconstruct_node] ignored: the current node_map_version (4294967304) is newer than (4294967303)
# [pod/topo-auth-nodes-0/flared] [139625543210688][NTC][cluster.cc:1123-reconstruct_node] reconstructing node map... (2 entries)
# [pod/topo-auth-nodes-0/flared] [139625543210688][NTC][cluster.cc:1183-reconstruct_node] update: node_balance (0 -> 40)
# [pod/topo-auth-nodes-0/flared] [139625543210688][NTC][cluster.cc:2286-_reconstruct_node_partition] reconstructing node partition map... (from 2 entries in node map)
# [pod/topo-auth-nodes-0/flared] [139625543210688][NTC][cluster.cc:2419-_reconstruct_node_partition] node partition map:
# [pod/topo-auth-nodes-0/flared] [139625543210688][NTC][cluster.cc:2424-_reconstruct_node_partition] 0: master (node_key=topo-auth-nodes-0.topo-auth-nodes.flare-topo-auth.svc.cluster.local:12121, node_balance=100)
# [pod/topo-auth-nodes-0/flared] [139625543210688][NTC][cluster.cc:2428-_reconstruct_node_partition] 0: slave[0] (node_key=topo-auth-nodes-1.topo-auth-nodes.flare-topo-auth.svc.cluster.local:12121, node_balance=40)
# [pod/topo-auth-nodes-0/flared] [139625543210688][NTC][cluster.cc:2438-_reconstruct_node_partition] node partition map (prepare):
# [pod/topo-auth-nodes-0/flared] [139625543210688][NTC][cluster.cc:1123-reconstruct_node] reconstructing node map... (2 entries)
# [pod/topo-auth-nodes-0/flared] [139625543210688][NTC][cluster.cc:1183-reconstruct_node] update: node_balance (40 -> 60)
# [pod/topo-auth-nodes-0/flared] [139625543210688][NTC][cluster.cc:2286-_reconstruct_node_partition] reconstructing node partition map... (from 2 entries in node map)
# [pod/topo-auth-nodes-0/flared] [139625543210688][NTC][cluster.cc:2419-_reconstruct_node_partition] node partition map:
# [pod/topo-auth-nodes-0/flared] [139625543210688][NTC][cluster.cc:2424-_reconstruct_node_partition] 0: master (node_key=topo-auth-nodes-0.topo-auth-nodes.flare-topo-auth.svc.cluster.local:12121, node_balance=100)
# [pod/topo-auth-nodes-0/flared] [139625543210688][NTC][cluster.cc:2428-_reconstruct_node_partition] 0: slave[0] (node_key=topo-auth-nodes-1.topo-auth-nodes.flare-topo-auth.svc.cluster.local:12121, node_balance=60)
# [pod/topo-auth-nodes-0/flared] [139625543210688][NTC][cluster.cc:2438-_reconstruct_node_partition] node partition map (prepare):
# [pod/topo-auth-nodes-0/flared] [139625543210688][NTC][cluster.cc:1123-reconstruct_node] reconstructing node map... (2 entries)
# [pod/topo-auth-nodes-0/flared] [139625543210688][NTC][cluster.cc:1183-reconstruct_node] update: node_balance (60 -> 80)
# [pod/topo-auth-nodes-0/flared] [139625543210688][NTC][cluster.cc:2286-_reconstruct_node_partition] reconstructing node partition map... (from 2 entries in node map)
# [pod/topo-auth-nodes-0/flared] [139625543210688][NTC][cluster.cc:2419-_reconstruct_node_partition] node partition map:
# [pod/topo-auth-nodes-0/flared] [139625543210688][NTC][cluster.cc:2424-_reconstruct_node_partition] 0: master (node_key=topo-auth-nodes-0.topo-auth-nodes.flare-topo-auth.svc.cluster.local:12121, node_balance=100)
# [pod/topo-auth-nodes-0/flared] [139625543210688][NTC][cluster.cc:2428-_reconstruct_node_partition] 0: slave[0] (node_key=topo-auth-nodes-1.topo-auth-nodes.flare-topo-auth.svc.cluster.local:12121, node_balance=80)
# [pod/topo-auth-nodes-0/flared] [139625543210688][NTC][cluster.cc:2438-_reconstruct_node_partition] node partition map (prepare):
# [pod/topo-auth-nodes-1/flared] [139668196608896][NTC][flared.cc:183-startup]   replication_type:       async
# [pod/topo-auth-nodes-1/flared] [139668196608896][NTC][flared.cc:183-startup]   server_name:            topo-auth-nodes-1.topo-auth-nodes.flare-topo-auth.svc.cluster.local
# [pod/topo-auth-nodes-1/flared] [139668196608896][NTC][flared.cc:183-startup]   server_port:            12121
# [pod/topo-auth-nodes-1/flared] [139668196608896][NTC][flared.cc:183-startup]   server_socket:          
# [pod/topo-auth-nodes-1/flared] [139668196608896][NTC][flared.cc:183-startup]   stack_size:             128
# [pod/topo-auth-nodes-1/flared] [139668196608896][NTC][flared.cc:183-startup]   storage_ap:             4
# [pod/topo-auth-nodes-1/flared] [139668196608896][NTC][flared.cc:183-startup]   storage_bucket_size:    131071
# [pod/topo-auth-nodes-1/flared] [139668196608896][NTC][flared.cc:183-startup]   storage_cache_size:     65536
# [pod/topo-auth-nodes-1/flared] [139668196608896][NTC][flared.cc:183-startup]   storage_compress:       
# [pod/topo-auth-nodes-1/flared] [139668196608896][NTC][flared.cc:183-startup]   storage_large:          false
# [pod/topo-auth-nodes-1/flared] [139668196608896][NTC][flared.cc:183-startup]   storage_lmemb:          128
# [pod/topo-auth-nodes-1/flared] [139668196608896][NTC][flared.cc:183-startup]   storage_nmemb:          256
# [pod/topo-auth-nodes-1/flared] [139668196608896][NTC][flared.cc:183-startup]   storage_dfunit:         0
# [pod/topo-auth-nodes-1/flared] [139668196608896][NTC][flared.cc:183-startup]   storage_type:           tch
# [pod/topo-auth-nodes-1/flared] [139668196608896][NTC][flared.cc:183-startup]   thread_pool_size:       5
# [pod/topo-auth-nodes-1/flared] [139668196608896][NTC][flared.cc:183-startup]   proxy_prior_netmask:    0
# [pod/topo-auth-nodes-1/flared] [139668196608896][NTC][flared.cc:183-startup]   max_total_thread_queue: 0
# [pod/topo-auth-nodes-1/flared] [139668196608896][NTC][flared.cc:183-startup]   time_watcher_enabled:   false
# [pod/topo-auth-nodes-1/flared] [139668196608896][NTC][flared.cc:183-startup]   time_watcher_polling_interval_msec: 0
# [pod/topo-auth-nodes-1/flared] [139668196608896][NTC][flared.cc:183-startup]   storage_access_watch_threshold_warn_msec: 0
# [pod/topo-auth-nodes-1/flared] [139668196608896][NTC][flared.cc:183-startup]   storage_access_watch_threshold_ping_ng_msec: 0
# [pod/topo-auth-nodes-1/flared] [139668196608896][NTC][flared.cc:183-startup]   cluster_replication:    0
# [pod/topo-auth-nodes-1/flared] [139668196608896][NTC][flared.cc:183-startup]   cluster_replication_server_name: 
# [pod/topo-auth-nodes-1/flared] [139668196608896][NTC][flared.cc:183-startup]   cluster_replication_server_port: 12121
# [pod/topo-auth-nodes-1/flared] [139668196608896][NTC][flared.cc:183-startup]   cluster_replication_concurrency: 2
# [pod/topo-auth-nodes-1/flared] [139668196608896][NTC][flared.cc:183-startup]   cluster_replication_mode: duplicate
# [pod/topo-auth-nodes-1/flared] [139668196608896][NTC][cluster.cc:279-startup_node] setting up cluster node... (type=1, index_server_name=flare-operator.flare-topo-auth.svc.cluster.local, index_server_port=12120)
# [pod/topo-auth-nodes-1/flared] [139668196608896][NTC][cluster.cc:310-startup_node] meta data from index server:
# [pod/topo-auth-nodes-1/flared] [139668196608896][NTC][cluster.cc:311-startup_node]   partition_size:                 1024
# [pod/topo-auth-nodes-1/flared] [139668196608896][NTC][cluster.cc:312-startup_node]   key_hash_algorithm:             jenkins
# [pod/topo-auth-nodes-1/flared] [139668196608896][NTC][cluster.cc:313-startup_node]   key_resolver_type:              modular
# [pod/topo-auth-nodes-1/flared] [139668196608896][NTC][cluster.cc:314-startup_node]   key_resolver_modular_hint:      1
# [pod/topo-auth-nodes-1/flared] [139668196608896][NTC][cluster.cc:315-startup_node]   key_resolver_modular_virtual:   4096
# [pod/topo-auth-nodes-1/flared] [139668196608896][NTC][cluster.cc:1123-reconstruct_node] reconstructing node map... (2 entries)
# [pod/topo-auth-nodes-1/flared] [139668196608896][NTC][cluster.cc:2286-_reconstruct_node_partition] reconstructing node partition map... (from 2 entries in node map)
# [pod/topo-auth-nodes-1/flared] [139668196608896][NTC][cluster.cc:2419-_reconstruct_node_partition] node partition map:
# [pod/topo-auth-nodes-1/flared] [139668196608896][NTC][cluster.cc:2424-_reconstruct_node_partition] 0: master (node_key=topo-auth-nodes-0.topo-auth-nodes.flare-topo-auth.svc.cluster.local:12121, node_balance=100)
# [pod/topo-auth-nodes-1/flared] [139668196608896][NTC][cluster.cc:2438-_reconstruct_node_partition] node partition map (prepare):
# [pod/topo-auth-nodes-1/flared] [139668196608896][NTC][flared.cc:428-run] entering running loop
# [pod/topo-auth-nodes-1/flared] [139668129081024][NTC][handler_metrics.cc:69-run] metrics endpoint ready (port=9150, self-scrape port=12121)
# [pod/topo-auth-nodes-1/flared] [139668128945856][NTC][cluster.cc:1123-reconstruct_node] reconstructing node map... (2 entries)
# [pod/topo-auth-nodes-1/flared] [139668128945856][NTC][cluster.cc:1183-reconstruct_node] update: node_balance (100 -> 0)
# [pod/topo-auth-nodes-1/flared] [139668128945856][NTC][cluster.cc:2286-_reconstruct_node_partition] reconstructing node partition map... (from 2 entries in node map)
# [pod/topo-auth-nodes-1/flared] [139668128945856][NTC][cluster.cc:2419-_reconstruct_node_partition] node partition map:
# [pod/topo-auth-nodes-1/flared] [139668128945856][NTC][cluster.cc:2424-_reconstruct_node_partition] 0: master (node_key=topo-auth-nodes-0.topo-auth-nodes.flare-topo-auth.svc.cluster.local:12121, node_balance=100)
# [pod/topo-auth-nodes-1/flared] [139668128945856][NTC][cluster.cc:2428-_reconstruct_node_partition] 0: slave[0] (node_key=topo-auth-nodes-1.topo-auth-nodes.flare-topo-auth.svc.cluster.local:12121, node_balance=0)
# [pod/topo-auth-nodes-1/flared] [139668128945856][NTC][cluster.cc:2438-_reconstruct_node_partition] node partition map (prepare):
# [pod/topo-auth-nodes-1/flared] [139668128945856][NTC][cluster.cc:1786-_shift_node_state] shifting node_state (node_key=topo-auth-nodes-1.topo-auth-nodes.flare-topo-auth.svc.cluster.local:12121, old_state=active, new_state=prepare)
# [pod/topo-auth-nodes-1/flared] [139668128945856][NTC][cluster.cc:1803-_shift_node_role] shifting node_role (node_key=topo-auth-nodes-1.topo-auth-nodes.flare-topo-auth.svc.cluster.local:12121, old_role=proxy, old_partition=-1, new_role=slave, new_partition=0)
# [pod/topo-auth-nodes-1/flared] [139668128810688][NTC][handler_reconstruction.cc:323-_run_once] starting dump operation (master=topo-auth-nodes-0.topo-auth-nodes.flare-topo-auth.svc.cluster.local:12121, partition=0, partition_size=1, interval=0, bwlimit=0)
# [pod/topo-auth-nodes-1/flared] [139668128810688][NTC][op_dump.cc:286-_parse_text_client_parameters] found delimiter, dump completed (items=0)
# [pod/topo-auth-nodes-1/flared] [139668128810688][NTC][handler_reconstruction.cc:333-_run_once] reconstruction via full dump completed (master=topo-auth-nodes-0.topo-auth-nodes.flare-topo-auth.svc.cluster.local:12121, partition=0, partition_size=1, interval=0, bwlimit=0)
# [pod/topo-auth-nodes-1/flared] [139668128945856][NTC][cluster.cc:1123-reconstruct_node] reconstructing node map... (2 entries)
# [pod/topo-auth-nodes-1/flared] [139668128945856][NTC][cluster.cc:2286-_reconstruct_node_partition] reconstructing node partition map... (from 2 entries in node map)
# [pod/topo-auth-nodes-1/flared] [139668128945856][NTC][cluster.cc:2419-_reconstruct_node_partition] node partition map:
# [pod/topo-auth-nodes-1/flared] [139668128945856][NTC][cluster.cc:2424-_reconstruct_node_partition] 0: master (node_key=topo-auth-nodes-0.topo-auth-nodes.flare-topo-auth.svc.cluster.local:12121, node_balance=100)
# [pod/topo-auth-nodes-1/flared] [139668128945856][NTC][cluster.cc:2428-_reconstruct_node_partition] 0: slave[0] (node_key=topo-auth-nodes-1.topo-auth-nodes.flare-topo-auth.svc.cluster.local:12121, node_balance=0)
# [pod/topo-auth-nodes-1/flared] [139668128945856][NTC][cluster.cc:2438-_reconstruct_node_partition] node partition map (prepare):
# [pod/topo-auth-nodes-1/flared] [139668128945856][NTC][cluster.cc:1786-_shift_node_state] shifting node_state (node_key=topo-auth-nodes-1.topo-auth-nodes.flare-topo-auth.svc.cluster.local:12121, old_state=prepare, new_state=active)
# [pod/topo-auth-nodes-1/flared] [139668128945856][NTC][cluster.cc:1123-reconstruct_node] reconstructing node map... (2 entries)
# [pod/topo-auth-nodes-1/flared] [139668128945856][NTC][cluster.cc:1183-reconstruct_node] update: node_balance (0 -> 40)
# [pod/topo-auth-nodes-1/flared] [139668128945856][NTC][cluster.cc:2286-_reconstruct_node_partition] reconstructing node partition map... (from 2 entries in node map)
# [pod/topo-auth-nodes-1/flared] [139668128945856][NTC][cluster.cc:2419-_reconstruct_node_partition] node partition map:
# [pod/topo-auth-nodes-1/flared] [139668128945856][NTC][cluster.cc:2424-_reconstruct_node_partition] 0: master (node_key=topo-auth-nodes-0.topo-auth-nodes.flare-topo-auth.svc.cluster.local:12121, node_balance=100)
# [pod/topo-auth-nodes-1/flared] [139668128945856][NTC][cluster.cc:2428-_reconstruct_node_partition] 0: slave[0] (node_key=topo-auth-nodes-1.topo-auth-nodes.flare-topo-auth.svc.cluster.local:12121, node_balance=40)
# [pod/topo-auth-nodes-1/flared] [139668128945856][NTC][cluster.cc:2438-_reconstruct_node_partition] node partition map (prepare):
# [pod/topo-auth-nodes-1/flared] [139668128945856][NTC][cluster.cc:1123-reconstruct_node] reconstructing node map... (2 entries)
# [pod/topo-auth-nodes-1/flared] [139668128945856][NTC][cluster.cc:1183-reconstruct_node] update: node_balance (40 -> 60)
# [pod/topo-auth-nodes-1/flared] [139668128945856][NTC][cluster.cc:2286-_reconstruct_node_partition] reconstructing node partition map... (from 2 entries in node map)
# [pod/topo-auth-nodes-1/flared] [139668128945856][NTC][cluster.cc:2419-_reconstruct_node_partition] node partition map:
# [pod/topo-auth-nodes-1/flared] [139668128945856][NTC][cluster.cc:2424-_reconstruct_node_partition] 0: master (node_key=topo-auth-nodes-0.topo-auth-nodes.flare-topo-auth.svc.cluster.local:12121, node_balance=100)
# [pod/topo-auth-nodes-1/flared] [139668128945856][NTC][cluster.cc:2428-_reconstruct_node_partition] 0: slave[0] (node_key=topo-auth-nodes-1.topo-auth-nodes.flare-topo-auth.svc.cluster.local:12121, node_balance=60)
# [pod/topo-auth-nodes-1/flared] [139668128945856][NTC][cluster.cc:2438-_reconstruct_node_partition] node partition map (prepare):
# [pod/topo-auth-nodes-1/flared] [139668128945856][NTC][cluster.cc:1123-reconstruct_node] reconstructing node map... (2 entries)
# [pod/topo-auth-nodes-1/flared] [139668128945856][NTC][cluster.cc:1183-reconstruct_node] update: node_balance (60 -> 80)
# [pod/topo-auth-nodes-1/flared] [139668128945856][NTC][cluster.cc:2286-_reconstruct_node_partition] reconstructing node partition map... (from 2 entries in node map)
# [pod/topo-auth-nodes-1/flared] [139668128945856][NTC][cluster.cc:2419-_reconstruct_node_partition] node partition map:
# [pod/topo-auth-nodes-1/flared] [139668128945856][NTC][cluster.cc:2424-_reconstruct_node_partition] 0: master (node_key=topo-auth-nodes-0.topo-auth-nodes.flare-topo-auth.svc.cluster.local:12121, node_balance=100)
# [pod/topo-auth-nodes-1/flared] [139668128945856][NTC][cluster.cc:2428-_reconstruct_node_partition] 0: slave[0] (node_key=topo-auth-nodes-1.topo-auth-nodes.flare-topo-auth.svc.cluster.local:12121, node_balance=80)
# [pod/topo-auth-nodes-1/flared] [139668128945856][NTC][cluster.cc:2438-_reconstruct_node_partition] node partition map (prepare):
# 
# === pods (flare-topo-auth) ===
# NAME                              READY   STATUS        RESTARTS      AGE     IP            NODE                      NOMINATED NODE   READINESS GATES
# debug-topo-auth                   1/1     Running       0             2m21s   10.244.0.24   flare-e2e-control-plane   <none>           <none>
# flare-operator-768fdbb4cb-vdcb7   1/1     Terminating   1 (39s ago)   2m19s   10.244.0.25   flare-e2e-control-plane   <none>           <none>
# flare-operator-76c4d9c66f-f5j99   1/1     Running       0             1s      10.244.0.28   flare-e2e-control-plane   <none>           <none>
# topo-auth-nodes-0                 1/1     Running       0             2m8s    10.244.0.26   flare-e2e-control-plane   <none>           <none>
# topo-auth-nodes-1                 1/1     Running       0             2m3s    10.244.0.27   flare-e2e-control-plane   <none>           <none>
# 
# === events (flare-topo-auth, by time) ===
# LAST SEEN   TYPE      REASON              OBJECT                                 MESSAGE
# 2m21s       Normal    Scheduled           pod/debug-topo-auth                    Successfully assigned flare-topo-auth/debug-topo-auth to flare-e2e-control-plane
# 2m20s       Normal    Pulled              pod/debug-topo-auth                    Container image "busybox:1.36" already present on machine
# 2m20s       Normal    Created             pod/debug-topo-auth                    Created container debug-topo-auth
# 2m20s       Normal    Started             pod/debug-topo-auth                    Started container debug-topo-auth
# 2m19s       Normal    Scheduled           pod/flare-operator-768fdbb4cb-vdcb7    Successfully assigned flare-topo-auth/flare-operator-768fdbb4cb-vdcb7 to flare-e2e-control-plane
# 2m19s       Normal    ScalingReplicaSet   deployment/flare-operator              Scaled up replica set flare-operator-768fdbb4cb to 1
# 2m19s       Normal    SuccessfulCreate    replicaset/flare-operator-768fdbb4cb   Created pod: flare-operator-768fdbb4cb-vdcb7
# 2m8s        Normal    Scheduled           pod/topo-auth-nodes-0                  Successfully assigned flare-topo-auth/topo-auth-nodes-0 to flare-e2e-control-plane
# 2m8s        Normal    Pulled              pod/topo-auth-nodes-0                  Container image "flare-node:test" already present on machine
# 2m8s        Normal    SuccessfulCreate    statefulset/topo-auth-nodes            create Pod topo-auth-nodes-0 in StatefulSet topo-auth-nodes successful
# 2m8s        Normal    Created             pod/topo-auth-nodes-0                  Created container flared
# 2m8s        Normal    Started             pod/topo-auth-nodes-0                  Started container flared
# 2m3s        Normal    Pulled              pod/topo-auth-nodes-1                  Container image "flare-node:test" already present on machine
# 2m3s        Normal    Scheduled           pod/topo-auth-nodes-1                  Successfully assigned flare-topo-auth/topo-auth-nodes-1 to flare-e2e-control-plane
# 2m3s        Normal    Created             pod/topo-auth-nodes-1                  Created container flared
# 2m3s        Normal    Started             pod/topo-auth-nodes-1                  Started container flared
# 2m3s        Normal    SuccessfulCreate    statefulset/topo-auth-nodes            create Pod topo-auth-nodes-1 in StatefulSet topo-auth-nodes successful
# 113s        Warning   Unhealthy           pod/topo-auth-nodes-1                  Readiness probe failed:
# 38s         Normal    Started             pod/flare-operator-768fdbb4cb-vdcb7    Started container flare-operator
# 38s         Normal    Created             pod/flare-operator-768fdbb4cb-vdcb7    Created container flare-operator
# 38s         Normal    Pulled              pod/flare-operator-768fdbb4cb-vdcb7    Container image "flare-operator:test" already present on machine
# 1s          Normal    ScalingReplicaSet   deployment/flare-operator              Scaled up replica set flare-operator-76c4d9c66f to 1
# 1s          Normal    SuccessfulCreate    replicaset/flare-operator-76c4d9c66f   Created pod: flare-operator-76c4d9c66f-f5j99
# 1s          Normal    Started             pod/flare-operator-76c4d9c66f-f5j99    Started container flare-operator
# 1s          Normal    Created             pod/flare-operator-76c4d9c66f-f5j99    Created container flare-operator
# 1s          Normal    Pulled              pod/flare-operator-76c4d9c66f-f5j99    Container image "flare-operator:test" already present on machine
# 1s          Normal    Scheduled           pod/flare-operator-76c4d9c66f-f5j99    Successfully assigned flare-topo-auth/flare-operator-76c4d9c66f-f5j99 to flare-e2e-control-plane
# 0s          Normal    ScalingReplicaSet   deployment/flare-operator              Scaled down replica set flare-operator-768fdbb4cb to 0 from 1
# 0s          Normal    SuccessfulDelete    replicaset/flare-operator-768fdbb4cb   Deleted pod: flare-operator-768fdbb4cb-vdcb7
# 0s          Normal    Killing             pod/flare-operator-768fdbb4cb-vdcb7    Stopping container flare-operator
# 
# === describe flared pods (flare-topo-auth) ===
# Name:             topo-auth-nodes-0
# Namespace:        flare-topo-auth
# Priority:         0
# Service Account:  default
# Node:             flare-e2e-control-plane/172.18.0.2
# Start Time:       Thu, 01 Oct 2026 07:08:33 +0000
# Labels:           app=flare
#                   apps.kubernetes.io/pod-index=0
#                   cluster=topo-auth
#                   controller-revision-hash=topo-auth-nodes-844977b57b
#                   statefulset.kubernetes.io/pod-name=topo-auth-nodes-0
# Annotations:      <none>
# Status:           Running
# IP:               10.244.0.26
# IPs:
#   IP:           10.244.0.26
# Controlled By:  StatefulSet/topo-auth-nodes
# Containers:
#   flared:
#     Container ID:  containerd://e8514c052806bbd92b9b286165557d09f091b3b70442a51c185786d97e4d47e6
#     Image:         flare-node:test
#     Image ID:      docker.io/library/import-2026-10-01@sha256:07dc56444c3413d405987f553e04a7680d79b9aefea8c8fbbaeb7896f21d1962
#     Ports:         12121/TCP (flare), 9150/TCP (metrics)
#     Host Ports:    0/TCP (flare), 0/TCP (metrics)
#     Command:
#       sh
#       -c
#       rm -rf /tmp/flare/*.hdb /tmp/flare/*.hdb.wal /tmp/flare/rocksdb && mkdir -p /tmp/flare && rm -f /tmp/flare/flared.pid && exec flared --config=/etc/flared/extra.conf --data-dir /tmp/flare --server-port 12121 --index-server-name flare-operator.flare-topo-auth.svc.cluster.local --index-server-port 12120 --storage-type=tch --metrics-server-port 9150 --stderr
#     State:          Running
#       Started:      Thu, 01 Oct 2026 07:08:33 +0000
#     Ready:          True
#     Restart Count:  0
#     Limits:
#       cpu:     500m
#       memory:  512Mi
#     Requests:
#       cpu:      100m
#       memory:   256Mi
#     Liveness:   tcp-socket :12121 delay=10s timeout=1s period=5s successThreshold=1 failureThreshold=6
#     Readiness:  exec [/bin/bash -c exec 3<>/dev/tcp/127.0.0.1/12121 || exit 1
# printf 'stats nodes\r\nquit\r\n' >&3
# out=$(tr -d '\r' <&3)
# me="$(hostname -f):12121"
# case "$out" in *"STAT $me:state active"*) exit 0;; esac
# # Limbo clause (mirrors the helm chart): a syncing member of a
# # partition with NO active master has nothing to sync from —
# # total-partition recovery. Report Ready so the OrderedReady
# # StatefulSet can recreate the peer that will become master.
# mypart=$(printf '%s\n' "$out" | sed -n "s/^STAT $me:partition //p")
# [ -n "$mypart" ] || exit 1
# [ "$mypart" != "-1" ] || exit 1
# for key in $(printf '%s\n' "$out" | sed -n "s/^STAT \(.*\):partition $mypart$/\1/p"); do
#   printf '%s\n' "$out" | grep -q "^STAT $key:role master$" || continue
#   printf '%s\n' "$out" | grep -q "^STAT $key:state active$" && exit 1
# done
# exit 0
# ] delay=5s timeout=4s period=5s successThreshold=1 failureThreshold=3
#     Environment:  <none>
#     Mounts:
#       /etc/flared from flared-config (rw)
#       /var/run/secrets/kubernetes.io/serviceaccount from kube-api-access-nc4vg (ro)
# Conditions:
#   Type                        Status
#   PodReadyToStartContainers   True 
#   Initialized                 True 
#   Ready                       True 
#   ContainersReady             True 
#   PodScheduled                True 
# Volumes:
#   flared-config:
#     Type:      ConfigMap (a volume populated by a ConfigMap)
#     Name:      topo-auth-config
#     Optional:  false
#   kube-api-access-nc4vg:
#     Type:                    Projected (a volume that contains injected data from multiple sources)
#     TokenExpirationSeconds:  3607
#     ConfigMapName:           kube-root-ca.crt
#     Optional:                false
#     DownwardAPI:             true
# QoS Class:                   Burstable
# Node-Selectors:              <none>
# Tolerations:                 node.kubernetes.io/not-ready:NoExecute op=Exists for 300s
#                              node.kubernetes.io/unreachable:NoExecute op=Exists for 300s
# 
# 
# Name:             topo-auth-nodes-1
# Namespace:        flare-topo-auth
# Priority:         0
# Service Account:  default
# Node:             flare-e2e-control-plane/172.18.0.2
# Start Time:       Thu, 01 Oct 2026 07:08:38 +0000
# Labels:           app=flare
#                   apps.kubernetes.io/pod-index=1
#                   cluster=topo-auth
#                   controller-revision-hash=topo-auth-nodes-844977b57b
#                   statefulset.kubernetes.io/pod-name=topo-auth-nodes-1
# Annotations:      <none>
# Status:           Running
# IP:               10.244.0.27
# IPs:
#   IP:           10.244.0.27
# Controlled By:  StatefulSet/topo-auth-nodes
# Containers:
#   flared:
#     Container ID:  containerd://cb2232d8b67f807dcda1ca81b1b1adaedf057250ba599d2add615b90a8903d2d
#     Image:         flare-node:test
#     Image ID:      docker.io/library/import-2026-10-01@sha256:07dc56444c3413d405987f553e04a7680d79b9aefea8c8fbbaeb7896f21d1962
#     Ports:         12121/TCP (flare), 9150/TCP (metrics)
#     Host Ports:    0/TCP (flare), 0/TCP (metrics)
#     Command:
#       sh
#       -c
#       rm -rf /tmp/flare/*.hdb /tmp/flare/*.hdb.wal /tmp/flare/rocksdb && mkdir -p /tmp/flare && rm -f /tmp/flare/flared.pid && exec flared --config=/etc/flared/extra.conf --data-dir /tmp/flare --server-port 12121 --index-server-name flare-operator.flare-topo-auth.svc.cluster.local --index-server-port 12120 --storage-type=tch --metrics-server-port 9150 --stderr
#     State:          Running
#       Started:      Thu, 01 Oct 2026 07:08:38 +0000
#     Ready:          True
#     Restart Count:  0
#     Limits:
#       cpu:     500m
#       memory:  512Mi
#     Requests:
#       cpu:      100m
#       memory:   256Mi
#     Liveness:   tcp-socket :12121 delay=10s timeout=1s period=5s successThreshold=1 failureThreshold=6
#     Readiness:  exec [/bin/bash -c exec 3<>/dev/tcp/127.0.0.1/12121 || exit 1
# printf 'stats nodes\r\nquit\r\n' >&3
# out=$(tr -d '\r' <&3)
# me="$(hostname -f):12121"
# case "$out" in *"STAT $me:state active"*) exit 0;; esac
# # Limbo clause (mirrors the helm chart): a syncing member of a
# # partition with NO active master has nothing to sync from —
# # total-partition recovery. Report Ready so the OrderedReady
# # StatefulSet can recreate the peer that will become master.
# mypart=$(printf '%s\n' "$out" | sed -n "s/^STAT $me:partition //p")
# [ -n "$mypart" ] || exit 1
# [ "$mypart" != "-1" ] || exit 1
# for key in $(printf '%s\n' "$out" | sed -n "s/^STAT \(.*\):partition $mypart$/\1/p"); do
#   printf '%s\n' "$out" | grep -q "^STAT $key:role master$" || continue
#   printf '%s\n' "$out" | grep -q "^STAT $key:state active$" && exit 1
# done
# exit 0
# ] delay=5s timeout=4s period=5s successThreshold=1 failureThreshold=3
#     Environment:  <none>
#     Mounts:
#       /etc/flared from flared-config (rw)
#       /var/run/secrets/kubernetes.io/serviceaccount from kube-api-access-c2kt7 (ro)
# Conditions:
#   Type                        Status
#   PodReadyToStartContainers   True 
#   Initialized                 True 
#   Ready                       True 
#   ContainersReady             True 
#   PodScheduled                True 
# Volumes:
#   flared-config:
#     Type:      ConfigMap (a volume populated by a ConfigMap)
#     Name:      topo-auth-config
#     Optional:  false
#   kube-api-access-c2kt7:
#     Type:                    Projected (a volume that contains injected data from multiple sources)
#     TokenExpirationSeconds:  3607
#     ConfigMapName:           kube-root-ca.crt
#     Optional:                false
#     DownwardAPI:             true
# QoS Class:                   Burstable
# Node-Selectors:              <none>
# Tolerations:                 node.kubernetes.io/not-ready:NoExecute op=Exists for 300s
#                              node.kubernetes.io/unreachable:NoExecute op=Exists for 300s
# 
# Cleaning up cluster 'topo-auth'
# === Suite: replica-repair ===
# Cleaning up cluster 'repl-repair'
# Deploying cluster 'repl-repair' in namespace 'flare-repl-repair'
# Waiting for: namespace flare-repl-repair not Terminating (timeout: 30s)
#   OK after 0s
# Waiting for: default ServiceAccount in flare-repl-repair (timeout: 120s)
#   OK after 0s
# Waiting for: FlareCluster CRD established (timeout: 60s)
#   OK after 0s
# Waiting for: ClusterRole flare-operator present (timeout: 60s)
#   OK after 0s
# Waiting for operator deployment to be ready...
# Operator ready, waiting 10s for first reconcile cycle...
# ConfigMap repl-repair-config confirmed present before StatefulSet deploy
# Deploying StatefulSet...
# Waiting for StatefulSet repl-repair-nodes to be ready...
# Waiting for: all 2 pods ready (timeout: 180s)
#   OK after 0s
# Waiting for: 2 nodes registered (timeout: 300s)
#   OK after 0s
# Waiting 50s grace period for operator reconciliation...
# Checking operator activity...
# --- Operator logs (flare-operator) ---
#   [flare-operator] retrying an unconfirmed topology send (pending v4294967304; publishing v4294967304)
#   [flare-operator] broadcast trigger: versionMoved=false pending=v4294967304 repairHeld=0 activeNotReady=0
#   [flare-operator] topology changed (v4294967304 → v4294967304), broadcasting
#   [TopologyBroadcast] Broadcasting node sync v4294967304 (2 nodes) to 2 pods
#   [TcpClient] node sync v4294967304 to 10.244.0.31:12121: reply-confirmed=true
#   [TcpClient] node sync v4294967304 to 10.244.0.32:12121: reply-confirmed=true
#   [TopologyBroadcast] Broadcast attempt complete (v4294967304); all targets reply-confirmed=true
#   [flare-operator] replica repair ledger initialized from repl-repair-nodes-0.repl-repair-nodes.flare-repl-repair.svc.cluster.local:12121: 0 destination counter(s) recorded as baseline, none attributed
#   [DEBUG] handleRocksdbConfig: hasAny=false walTtl=none walSize=none sync=none
#   [flare-operator] reconcile slow: 2637ms (nodes=2 M=1 S=1 D=0 P=0)
#   [flare-operator] grace period: 18 cycles remaining
#   [TopologyAudit] node=repl-repair-nodes-0.repl-repair-nodes.flare-repl-repair.svc.cluster.local:12121 uid=(some 87c815bf-356e-45d4-88e3-c0c6b79e2c97) desired=4294967304 reported=(some 4294967304) verdict=current
#   [DEBUG] handleRocksdbConfig: hasAny=false walTtl=none walSize=none sync=none
#   [flare-operator] reconcile slow: 1526ms (nodes=2 M=1 S=1 D=0 P=0)
#   [flare-operator] grace period: 17 cycles remaining
#   [TopologyAudit] node=repl-repair-nodes-1.repl-repair-nodes.flare-repl-repair.svc.cluster.local:12121 uid=(some 07c53d17-0c13-461b-bb5f-f2a3c772c9a6) desired=4294967304 reported=(some 4294967304) verdict=current
#   [DEBUG] handleRocksdbConfig: hasAny=false walTtl=none walSize=none sync=none
#   [flare-operator] reconcile slow: 1905ms (nodes=2 M=1 S=1 D=0 P=0)
#   [flare-operator] grace period: 16 cycles remaining
#   [TopologyAudit] node=repl-repair-nodes-0.repl-repair-nodes.flare-repl-repair.svc.cluster.local:12121 uid=(some 87c815bf-356e-45d4-88e3-c0c6b79e2c97) desired=4294967304 reported=(some 4294967304) verdict=current
#   [DEBUG] handleRocksdbConfig: hasAny=false walTtl=none walSize=none sync=none
#   [flare-operator] reconcile slow: 1502ms (nodes=2 M=1 S=1 D=0 P=0)
#   [flare-operator] grace period: 15 cycles remaining
#   [TopologyAudit] node=repl-repair-nodes-1.repl-repair-nodes.flare-repl-repair.svc.cluster.local:12121 uid=(some 07c53d17-0c13-461b-bb5f-f2a3c772c9a6) desired=4294967304 reported=(some 4294967304) verdict=current
#   [DEBUG] handleRocksdbConfig: hasAny=false walTtl=none walSize=none sync=none
#   [flare-operator] reconcile slow: 1536ms (nodes=2 M=1 S=1 D=0 P=0)
#   [flare-operator] grace period: 14 cycles remaining
#   [TopologyAudit] node=repl-repair-nodes-0.repl-repair-nodes.flare-repl-repair.svc.cluster.local:12121 uid=(some 87c815bf-356e-45d4-88e3-c0c6b79e2c97) desired=4294967304 reported=(some 4294967304) verdict=current
#   [DEBUG] handleRocksdbConfig: hasAny=false walTtl=none walSize=none sync=none
#   [flare-operator] reconcile slow: 1776ms (nodes=2 M=1 S=1 D=0 P=0)
#   
# Waiting for: slave's local items reach the master's (timeout: 60s)
#   OK after 0s
# fault: rejecting 10.244.0.31 → 10.244.0.32:12121 on flare-e2e-control-plane
# Waiting for: master counts dropped writes to the slave (was 0) (timeout: 120s)
#   OK after 15s
# stored 30/30 on the master; master dropped 1 write(s); local items master=70 slave=40 (gap 30)
# fault cleared: 10.244.0.31 → 10.244.0.32 forwards again
# slave was missing 30 item(s) locally while cut off
# Waiting for: operator requests a replica repair (probe interval 15s) (timeout: 150s)
#   OK after 15s
# Waiting for: ledger in status names the slave (timeout: 60s)
#   OK after 0s
# Waiting for: operator records REPLICA REPAIR COMPLETE (timeout: 300s)
#   OK after 15s
# Waiting for: ledger persisted as empty (timeout: 60s)
#   OK after 0s
# Waiting for: slave's local items catch up to the master's (timeout: 120s)
#   OK after 0s
# Waiting for: restarted operator restores the ledger from status (timeout: 120s)
#   OK after 45s
# fault: rejecting 10.244.0.31 → 10.244.0.32:12121 on flare-e2e-control-plane
# Waiting for: master counts dropped writes to the slave (was 2) (timeout: 120s)
#   OK after 20s
# stored 20/20 on the master; master dropped 2 write(s); local items master=90 slave=70 (gap 20)
# fault cleared: 10.244.0.31 → 10.244.0.32 forwards again
# Waiting for: operator HOLDS the repair (gate closed) (timeout: 150s)
#   OK after 10s
# Waiting for: HELD entry persisted to status with its gate reason (timeout: 90s)
#   OK after 0s
# Waiting for: restarted operator restores the HELD request (timeout: 120s)
#   OK after 0s
# Waiting for: operator records REPLICA REPAIR COMPLETE (timeout: 360s)
#   OK after 60s
# Waiting for: ledger persisted as empty (timeout: 60s)
#   OK after 0s
# Waiting for: slave's local items catch up to the master's (timeout: 120s)
#   OK after 0s
# fault: the operator may no longer patch flareclusters/status
# fault: rejecting 10.244.0.31 → 10.244.0.32:12121 on flare-e2e-control-plane
# Waiting for: master counts dropped writes to the slave (was 4) (timeout: 120s)
#   OK after 20s
# stored 20/20 on the master; master dropped 2 write(s); local items master=110 slave=90 (gap 20)
# fault cleared: 10.244.0.31 → 10.244.0.32 forwards again
# Waiting for: operator marks the ledger UNSAVED after the failed persist (timeout: 150s)
#   OK after 0s
# Waiting for: operator retries the unsaved ledger on a later pass (timeout: 90s)
#   OK after 5s
# fault cleared: status write allowed again
# Waiting for: the unsaved ledger lands once the write is allowed (entry present in status; in-pod can-i sampled alongside) (timeout: 300s)
#   OK after 30s
# timeline from the restore: in-pod can-i said yes after NEVER (raw: exec failed: kubectl failed (exit 1): Error from server (NotFound): pods "flare-operator-5f7984d775-bqcgl" not found
); unsaved ledger landed after 30s (via the silent per-pass persist); landed=true
# PROBE DISCREPANCY: the operator's own write landed but the in-pod can-i never said yes; runner-side can-i --as=SA: yes; rule[0]: {"apiGroups":["flare.gree.net"],"resources":["flareclusters","flareclusters/status"],"verbs":["get","list","watch","create","update","patch","delete"]}
# Waiting for: restarted operator restores the HELD request from status (timeout: 120s)
#   OK after 0s
# Waiting for: operator records REPLICA REPAIR COMPLETE (timeout: 360s)
#   OK after 60s
# Waiting for: ledger persisted as empty (timeout: 60s)
#   OK after 0s
# Waiting for: slave's local items catch up to the master's (timeout: 120s)
#   OK after 0s
# fault: status.replicaRepairs.entries is now a string (unparseable)
# Waiting for: restarted operator reports the ledger UNAVAILABLE (not absent) (timeout: 180s)
#   OK after 80s
# fault: rejecting 10.244.0.31 → 10.244.0.32:12121 on flare-e2e-control-plane
# Waiting for: master counts dropped writes to the slave (was 6) (timeout: 120s)
#   OK after 20s
# stored 20/20 on the master; master dropped 2 write(s); local items master=130 slave=110 (gap 20)
# fault cleared: 10.244.0.31 → 10.244.0.32 forwards again
# fault cleared: ledger restored to its pre-corruption content
# Waiting for: ledger RECOVERED from status (timeout: 120s)
#   OK after 5s
# Waiting for: the drop seen during the outage is requested after recovery (timeout: 150s)
#   OK after 0s
# Waiting for: operator records REPLICA REPAIR COMPLETE (timeout: 360s)
#   OK after 20s
# Waiting for: ledger persisted as empty (timeout: 60s)
#   OK after 0s
# Waiting for: slave's local items catch up to the master's (timeout: 120s)
#   OK after 0s
# Waiting for: victim pod has a UID (timeout: 60s)
#   OK after 0s
# Waiting for: victim pod gone (timeout: 90s)
#   OK after 35s
# Waiting for: replacement pod has a UID (timeout: 60s)
#   OK after 0s
# apiserver refused the stale-UID delete (409); replacement 71f98e3d-936f-4dec-9842-628839e084fe untouched
# Waiting for: blackhole pod has an IP (timeout: 60s)
#   OK after 5s
# black-hole delete returned in 3090ms; server accepted 517 byte(s):  | 000 | curl_exit=28 | 
# fault cleared: 10.244.0.31 → 10.244.0.32 forwards again
# Cleaning up cluster 'repl-repair'
# === Suite: prepare-evidence ===
# Cleaning up cluster 'prep-evid'
# Deploying cluster 'prep-evid' in namespace 'flare-prep-evid'
# Waiting for: namespace flare-prep-evid not Terminating (timeout: 30s)
#   OK after 0s
# Waiting for: default ServiceAccount in flare-prep-evid (timeout: 120s)
#   OK after 0s
# Waiting for: FlareCluster CRD established (timeout: 60s)
#   OK after 0s
# Waiting for: ClusterRole flare-operator present (timeout: 60s)
#   OK after 0s
# Waiting for operator deployment to be ready...
# Operator ready, waiting 10s for first reconcile cycle...
# ConfigMap prep-evid-config confirmed present before StatefulSet deploy
# Deploying StatefulSet...
# Waiting for StatefulSet prep-evid-nodes to be ready...
# Waiting for: all 2 pods ready (timeout: 180s)
#   OK after 0s
# Waiting for: 2 nodes registered (timeout: 300s)
#   OK after 0s
# Waiting 20s grace period for operator reconciliation...
# Checking operator activity...
# --- Operator logs (flare-operator) ---
#   [DEBUG] Received command: node state prep-evid-nodes-1.prep-evid-nodes.flare-prep-evid.svc.cluster.local 12121 active
#   [DEBUG] Parsed to: FlareOperator.Flare.FlareEvent.NodeState
#     "prep-evid-nodes-1.prep-evid-nodes.flare-prep-evid.svc.cluster.local"
#     12121
#     (FlareOperator.K8s.FlareSta
#   [flare-operator] TEST SEAM: dropping node state event from prep-evid-nodes-1.prep-evid-nodes.flare-prep-evid.svc.cluster.local:12121 (FLARE_TEST_DROP_NODE_STATE)
#   [TRACE] Event: NodeState prep-evid-nodes-1.prep-evid-nodes.flare-prep-evid.svc.cluster.local:12121 | Result: Prepare->Active | Reason: reconstruction complete
#   [TcpClient] node sync v4294967310 to 10.244.0.44:12121: reply-confirmed=true
#   [TcpClient] node sync v4294967310 to 10.244.0.43:12121: reply-confirmed=true
#   [TopologyBroadcast] Broadcast attempt complete (v4294967310); all targets reply-confirmed=true
#   [DEBUG] handleRocksdbConfig: hasAny=false walTtl=none walSize=none sync=none
#   [flare-operator] reconcile slow: 2436ms (nodes=2 M=1 S=1 D=0 P=1)
#   [flare-operator] grace period: 18 cycles remaining
#   [TopologyAudit] node=prep-evid-nodes-0.prep-evid-nodes.flare-prep-evid.svc.cluster.local:12121 uid=(some b942f695-e144-470c-896a-f74b9a93b69e) desired=4294967317 reported=(some 4294967310) verdict=behind
#   [flare-operator] retrying an unconfirmed topology send (pending v4294967317; publishing v4294967317)
#   [flare-operator] broadcast trigger: versionMoved=true pending=v4294967317 repairHeld=0 activeNotReady=0
#   [flare-operator] topology changed (v4294967310 → v4294967317), broadcasting
#   [TopologyBroadcast] Broadcasting node sync v4294967317 (2 nodes) to 2 pods
#   [DEBUG] Received command: node state prep-evid-nodes-1.prep-evid-nodes.flare-prep-evid.svc.cluster.local 12121 active
#   [DEBUG] Parsed to: FlareOperator.Flare.FlareEvent.NodeState
#     "prep-evid-nodes-1.prep-evid-nodes.flare-prep-evid.svc.cluster.local"
#     12121
#     (FlareOperator.K8s.FlareSta
#   [flare-operator] TEST SEAM: dropping node state event from prep-evid-nodes-1.prep-evid-nodes.flare-prep-evid.svc.cluster.local:12121 (FLARE_TEST_DROP_NODE_STATE)
#   [TRACE] Event: NodeState prep-evid-nodes-1.prep-evid-nodes.flare-prep-evid.svc.cluster.local:12121 | Result: Prepare->Active | Reason: reconstruction complete
#   [TcpClient] node sync v4294967317 to 10.244.0.44:12121: reply-confirmed=true
#   [TcpClient] node sync v4294967317 to 10.244.0.43:12121: reply-confirmed=true
#   [TopologyBroadcast] Broadcast attempt complete (v4294967317); all targets reply-confirmed=true
#   [DEBUG] handleRocksdbConfig: hasAny=false walTtl=none walSize=none sync=none
#   [flare-operator] reconcile slow: 2174ms (nodes=2 M=1 S=1 D=0 P=1)
#   
# Waiting for: seam drops a node state event (timeout: 240s)
#   OK after 0s
# Waiting for: the slave reports a completed reconstruction (timeout: 120s)
#   OK after 0s
# Waiting for: PREPARE-REPAIR activates on evidence (timeout: 300s)
#   OK after 60s
# Waiting for: slave Active in the operator's map (timeout: 60s)
#   OK after 0s
# Cleaning up cluster 'prep-evid'
# === Suite: native-metrics ===
# Cleaning up cluster 'native-metrics'
# Deploying cluster 'native-metrics' in namespace 'flare-native-metrics'
# Waiting for: namespace flare-native-metrics not Terminating (timeout: 30s)
#   OK after 0s
# Waiting for: default ServiceAccount in flare-native-metrics (timeout: 120s)
#   OK after 0s
# Waiting for: FlareCluster CRD established (timeout: 60s)
#   OK after 0s
# Waiting for: ClusterRole flare-operator present (timeout: 60s)
#   OK after 0s
# Waiting for operator deployment to be ready...
# Operator ready, waiting 10s for first reconcile cycle...
# ConfigMap native-metrics-config confirmed present before StatefulSet deploy
# Deploying StatefulSet...
# Waiting for StatefulSet native-metrics-nodes to be ready...
# Waiting for: all 2 pods ready (timeout: 180s)
#   OK after 0s
# Waiting for: 2 nodes registered (timeout: 300s)
#   OK after 0s
# Waiting 50s grace period for operator reconciliation...
# Checking operator activity...
# --- Operator logs (flare-operator-native-metrics) ---
#   [flare-operator] retrying an unconfirmed topology send (pending v4294967304; publishing v4294967304)
#   [flare-operator] broadcast trigger: versionMoved=false pending=v4294967304 repairHeld=0 activeNotReady=0
#   [flare-operator] topology changed (v4294967304 → v4294967304), broadcasting
#   [TopologyBroadcast] Broadcasting node sync v4294967304 (2 nodes) to 2 pods
#   [TcpClient] node sync v4294967304 to 10.244.0.48:12121: reply-confirmed=true
#   [TcpClient] node sync v4294967304 to 10.244.0.47:12121: reply-confirmed=true
#   [TopologyBroadcast] Broadcast attempt complete (v4294967304); all targets reply-confirmed=true
#   [DEBUG] handleRocksdbConfig: hasAny=false walTtl=none walSize=none sync=none
#   [flare-operator] reconcile slow: 2324ms (nodes=2 M=1 S=1 D=0 P=0)
#   [flare-operator] grace period: 18 cycles remaining
#   [TopologyAudit] node=native-metrics-nodes-0.native-metrics-nodes.flare-native-metrics.svc.cluster.local:12121 uid=(some b92efc53-69c8-4933-aaf3-a8aad0a34c27) desired=4294967304 reported=(some 4294967304) verdict=current
#   [DEBUG] handleRocksdbConfig: hasAny=false walTtl=none walSize=none sync=none
#   [flare-operator] reconcile slow: 1579ms (nodes=2 M=1 S=1 D=0 P=0)
#   [flare-operator] grace period: 17 cycles remaining
#   [TopologyAudit] node=native-metrics-nodes-1.native-metrics-nodes.flare-native-metrics.svc.cluster.local:12121 uid=(some 5f080b38-544f-4a95-9cc2-6a95eaa3a621) desired=4294967304 reported=(some 4294967304) verdict=current
#   [DEBUG] handleRocksdbConfig: hasAny=false walTtl=none walSize=none sync=none
#   [flare-operator] reconcile slow: 1475ms (nodes=2 M=1 S=1 D=0 P=0)
#   [flare-operator] grace period: 16 cycles remaining
#   [TopologyAudit] node=native-metrics-nodes-0.native-metrics-nodes.flare-native-metrics.svc.cluster.local:12121 uid=(some b92efc53-69c8-4933-aaf3-a8aad0a34c27) desired=4294967304 reported=(some 4294967304) verdict=current
#   [DEBUG] handleRocksdbConfig: hasAny=false walTtl=none walSize=none sync=none
#   [flare-operator] reconcile slow: 1784ms (nodes=2 M=1 S=1 D=0 P=0)
#   [flare-operator] grace period: 15 cycles remaining
#   [TopologyAudit] node=native-metrics-nodes-1.native-metrics-nodes.flare-native-metrics.svc.cluster.local:12121 uid=(some 5f080b38-544f-4a95-9cc2-6a95eaa3a621) desired=4294967304 reported=(some 4294967304) verdict=current
#   [DEBUG] handleRocksdbConfig: hasAny=false walTtl=none walSize=none sync=none
#   [flare-operator] reconcile slow: 1592ms (nodes=2 M=1 S=1 D=0 P=0)
#   [flare-operator] grace period: 14 cycles remaining
#   [TopologyAudit] node=native-metrics-nodes-0.native-metrics-nodes.flare-native-metrics.svc.cluster.local:12121 uid=(some b92efc53-69c8-4933-aaf3-a8aad0a34c27) desired=4294967304 reported=(some 4294967304) verdict=current
#   [DEBUG] handleRocksdbConfig: hasAny=false walTtl=none walSize=none sync=none
#   [flare-operator] reconcile slow: 1540ms (nodes=2 M=1 S=1 D=0 P=0)
#   [flare-operator] grace period: 13 cycles remaining
#   
# Cleaning up cluster 'native-metrics'
# === Suite: blue-green-migration ===
# Cleaning up cluster 'bg-src'
# Deploying cluster 'bg-src' in namespace 'flare-bg-migration'
# Waiting for: namespace flare-bg-migration not Terminating (timeout: 30s)
#   OK after 0s
# Waiting for: default ServiceAccount in flare-bg-migration (timeout: 120s)
#   OK after 0s
# Waiting for: FlareCluster CRD established (timeout: 60s)
#   OK after 0s
# Waiting for: ClusterRole flare-operator present (timeout: 60s)
#   OK after 0s
# Waiting for operator deployment to be ready...
# Operator ready, waiting 10s for first reconcile cycle...
# ConfigMap bg-src-config confirmed present before StatefulSet deploy
# Deploying StatefulSet...
# Waiting for StatefulSet bg-src-nodes to be ready...
# Waiting for: all 4 pods ready (timeout: 180s)
#   OK after 0s
# Waiting for: 4 nodes registered (timeout: 300s)
#   OK after 0s
# Waiting 50s grace period for operator reconciliation...
# Checking operator activity...
# --- Operator logs (flare-operator-bg) ---
#   [flare-operator] continuous-replication probe: 1 stats read(s) in 144ms (tick 8; in-mode remembered: 0, out-of-mode remembered: 1)
#   [flare-operator] grace period: 15 cycles remaining
#   [TopologyAudit] node=bg-src-nodes-1.bg-src-nodes.flare-bg-migration.svc.cluster.local:12121 uid=(some cff57e1b-f787-459a-8a32-5f5cd9578ee4) desired=4294967318 reported=(some 4294967318) verdict=current
#   [DEBUG] handleRocksdbConfig: hasAny=false walTtl=none walSize=none sync=none
#   [flare-operator] reconcile slow: 2036ms (nodes=4 M=2 S=2 D=0 P=0)
#   [flare-operator] grace period: 14 cycles remaining
#   [TopologyAudit] node=bg-src-nodes-0.bg-src-nodes.flare-bg-migration.svc.cluster.local:12121 uid=(some 1ce7f603-a7a4-44b0-a55f-9db973395134) desired=4294967318 reported=(some 4294967318) verdict=current
#   [DEBUG] handleRocksdbConfig: hasAny=false walTtl=none walSize=none sync=none
#   [flare-operator] reconcile slow: 1620ms (nodes=4 M=2 S=2 D=0 P=0)
#   [flare-operator] grace period: 13 cycles remaining
#   [TopologyAudit] node=bg-src-nodes-3.bg-src-nodes.flare-bg-migration.svc.cluster.local:12121 uid=(some 2af78e3e-d08d-4611-baf5-af4568606596) desired=4294967318 reported=(some 4294967318) verdict=current
#   [DEBUG] handleRocksdbConfig: hasAny=false walTtl=none walSize=none sync=none
#   [flare-operator] reconcile slow: 1688ms (nodes=4 M=2 S=2 D=0 P=0)
#   [flare-operator] grace period: 12 cycles remaining
#   [TopologyAudit] node=bg-src-nodes-2.bg-src-nodes.flare-bg-migration.svc.cluster.local:12121 uid=(some cb9574ff-52e2-4072-886a-149590d26f18) desired=4294967318 reported=(some 4294967318) verdict=current
#   [DEBUG] handleRocksdbConfig: hasAny=false walTtl=none walSize=none sync=none
#   [flare-operator] reconcile slow: 1623ms (nodes=4 M=2 S=2 D=0 P=0)
#   [flare-operator] grace period: 11 cycles remaining
#   [TopologyAudit] node=bg-src-nodes-1.bg-src-nodes.flare-bg-migration.svc.cluster.local:12121 uid=(some cff57e1b-f787-459a-8a32-5f5cd9578ee4) desired=4294967318 reported=(some 4294967318) verdict=current
#   [flare-operator] replica repair ledger initialized from bg-src-nodes-1.bg-src-nodes.flare-bg-migration.svc.cluster.local:12121: 0 destination counter(s) recorded as baseline, none attributed
#   [DEBUG] handleRocksdbConfig: hasAny=false walTtl=none walSize=none sync=none
#   [flare-operator] reconcile slow: 2612ms (nodes=4 M=2 S=2 D=0 P=0)
#   [flare-operator] grace period: 10 cycles remaining
#   [TopologyAudit] node=bg-src-nodes-0.bg-src-nodes.flare-bg-migration.svc.cluster.local:12121 uid=(some 1ce7f603-a7a4-44b0-a55f-9db973395134) desired=4294967318 reported=(some 4294967318) verdict=current
#   [DEBUG] handleRocksdbConfig: hasAny=false walTtl=none walSize=none sync=none
#   [flare-operator] reconcile slow: 1628ms (nodes=4 M=2 S=2 D=0 P=0)
#   [flare-operator] grace period: 9 cycles remaining
#   [TopologyAudit] node=bg-src-nodes-3.bg-src-nodes.flare-bg-migration.svc.cluster.local:12121 uid=(some 2af78e3e-d08d-4611-baf5-af4568606596) desired=4294967318 reported=(some 4294967318) verdict=current
#   [DEBUG] handleRocksdbConfig: hasAny=false walTtl=none walSize=none sync=none
#   [flare-operator] reconcile slow: 1629ms (nodes=4 M=2 S=2 D=0 P=0)
#   
# Waiting for: migration phase Duplicating (timeout: 300s)
#   OK after 35s
# Waiting for: migration phase AwaitingCutover (timeout: 300s)
#   OK after 125s
# Waiting for: migration phase AwaitingRetire (timeout: 120s)
#   OK after 20s
# Waiting for: migration phase Retired (timeout: 120s)
#   OK after 5s
# Waiting for: provisioned operator deleted itself (timeout: 180s)
#   OK after 5s
# Waiting for: abort-me left Pending (timeout: 120s)
#   OK after 10s
# Waiting for: abort-me Aborted (timeout: 180s)
#   OK after 10s
# Cleaning up cluster 'bg-src'
# Tests: 38, Failures: 1
# RESULT: FAIL
1..38
ok 1 - baseline: two active masters
ok 2 - wait out the operator startup grace period
ok 3 - majority outage (scale 4→1) trips the breaker
ok 4 - no live-topology churn while tripped
ok 5 - restoring capacity resumes recovery automatically
ok 6 - cluster shape survives an operator restart (state reload)
ok 7 - writes still served after operator restart
ok 8 - failover still works after the restart (reloaded state is live)
ok 9 - flared rejects a topology push carrying a stale version
ok 10 - control: holding the lease, the stopped pass does broadcast
ok 11 - lease taken by another identity: the pass fences, the process exits, and the restarted leader re-applies the topology
ok 12 - lease unreadable: the stopped pass fails closed and does not send
not ok 13 - startup republish alone: a map committed but never sent (operator replaced while the pass is held before the send) reaches every pod from the fresh process's first pass, topology audit off
ok 14 - control: writes to the master replicate to the slave
ok 15 - cut link: the master drops replica writes and the operator requests a repair
ok 16 - the repair runs: held as proxy, confirmed, re-seated, reconstructed; keys recovered without another drop
ok 17 - SAF-05: a drop seen while resync is disabled is held, survives an operator restart, and is repaired once the gate opens
ok 18 - SAF-05: a ledger save that fails is marked unsaved, retried every pass, lands when allowed, and survives a restart
ok 19 - SAF-05: a corrupt ledger is held as unavailable, never replaced by an empty one; the drop seen meanwhile is recovered once it is readable
ok 20 - SAF-06: the delete carries the observed pod UID as an API precondition; a same-name pod with another UID is refused by the apiserver
ok 21 - SAF-06: the UID-precondition delete has a deadline — a server that accepts and never answers returns within it
ok 22 - the lost-activation condition is staged: the activation is dropped and a reconstruction completed
ok 23 - the repair re-derives Prepare→Active from completion evidence and names it
ok 24 - GET /metrics answers HTTP 200 with Prometheus text
ok 25 - memcached_current_items equals stats curr_items verbatim
ok 26 - writes are reflected in /metrics (curr_items grows, set counter present)
ok 27 - flared_version and rocksdb passthrough are exported
ok 28 - /metrics still answers with the operator scaled to 0 (SPOF removed)
ok 29 - seed 60 keys across both source partitions
ok 30 - migration CR accepted; target provisioned and Ready (phase Duplicating)
ok 31 - counts converge and source flips to forward (phase AwaitingCutover)
ok 32 - every key re-hashed into the 1-partition target (master AND slave)
ok 33 - parked at AwaitingCutover until approval (gate honored)
ok 34 - approveCutover flips the entry Service to the target
ok 35 - reads through the entry Service hit the target cluster
ok 36 - approveRetire deletes the source StatefulSet (phase Retired)
ok 37 - provisioned operator self-retires when a helm successor appears
ok 38 - abort rolls a migration back (target resources deleted)
